Archive member included to satisfy reference by file (symbol)

d:/st/stm32cubeide_1.7.0/stm32cubeide/plugins/com.st.stm32cube.ide.mcu.externaltools.gnu-tools-for-stm32.9-2020-q2-update.win32_2.0.0.202105311346/tools/bin/../lib/gcc/arm-none-eabi/9.3.1/../../../../arm-none-eabi/lib/thumb/v7e-m+fp/hard\libc_nano.a(lib_a-errno.o)
                              ./Core/Src/syscalls.o (__errno)
d:/st/stm32cubeide_1.7.0/stm32cubeide/plugins/com.st.stm32cube.ide.mcu.externaltools.gnu-tools-for-stm32.9-2020-q2-update.win32_2.0.0.202105311346/tools/bin/../lib/gcc/arm-none-eabi/9.3.1/../../../../arm-none-eabi/lib/thumb/v7e-m+fp/hard\libc_nano.a(lib_a-exit.o)
                              d:/st/stm32cubeide_1.7.0/stm32cubeide/plugins/com.st.stm32cube.ide.mcu.externaltools.gnu-tools-for-stm32.9-2020-q2-update.win32_2.0.0.202105311346/tools/bin/../lib/gcc/arm-none-eabi/9.3.1/../../../../arm-none-eabi/lib/thumb/v7e-m+fp/hard/crt0.o (exit)
d:/st/stm32cubeide_1.7.0/stm32cubeide/plugins/com.st.stm32cube.ide.mcu.externaltools.gnu-tools-for-stm32.9-2020-q2-update.win32_2.0.0.202105311346/tools/bin/../lib/gcc/arm-none-eabi/9.3.1/../../../../arm-none-eabi/lib/thumb/v7e-m+fp/hard\libc_nano.a(lib_a-impure.o)
                              d:/st/stm32cubeide_1.7.0/stm32cubeide/plugins/com.st.stm32cube.ide.mcu.externaltools.gnu-tools-for-stm32.9-2020-q2-update.win32_2.0.0.202105311346/tools/bin/../lib/gcc/arm-none-eabi/9.3.1/../../../../arm-none-eabi/lib/thumb/v7e-m+fp/hard\libc_nano.a(lib_a-exit.o) (_global_impure_ptr)
d:/st/stm32cubeide_1.7.0/stm32cubeide/plugins/com.st.stm32cube.ide.mcu.externaltools.gnu-tools-for-stm32.9-2020-q2-update.win32_2.0.0.202105311346/tools/bin/../lib/gcc/arm-none-eabi/9.3.1/../../../../arm-none-eabi/lib/thumb/v7e-m+fp/hard\libc_nano.a(lib_a-init.o)
                              d:/st/stm32cubeide_1.7.0/stm32cubeide/plugins/com.st.stm32cube.ide.mcu.externaltools.gnu-tools-for-stm32.9-2020-q2-update.win32_2.0.0.202105311346/tools/bin/../lib/gcc/arm-none-eabi/9.3.1/../../../../arm-none-eabi/lib/thumb/v7e-m+fp/hard/crt0.o (__libc_init_array)
d:/st/stm32cubeide_1.7.0/stm32cubeide/plugins/com.st.stm32cube.ide.mcu.externaltools.gnu-tools-for-stm32.9-2020-q2-update.win32_2.0.0.202105311346/tools/bin/../lib/gcc/arm-none-eabi/9.3.1/../../../../arm-none-eabi/lib/thumb/v7e-m+fp/hard\libc_nano.a(lib_a-memcmp.o)
                              ./Core/Lib/can_stuff.o (memcmp)
d:/st/stm32cubeide_1.7.0/stm32cubeide/plugins/com.st.stm32cube.ide.mcu.externaltools.gnu-tools-for-stm32.9-2020-q2-update.win32_2.0.0.202105311346/tools/bin/../lib/gcc/arm-none-eabi/9.3.1/../../../../arm-none-eabi/lib/thumb/v7e-m+fp/hard\libc_nano.a(lib_a-memcpy-stub.o)
                              ./Core/Lib/radio.o (memcpy)
d:/st/stm32cubeide_1.7.0/stm32cubeide/plugins/com.st.stm32cube.ide.mcu.externaltools.gnu-tools-for-stm32.9-2020-q2-update.win32_2.0.0.202105311346/tools/bin/../lib/gcc/arm-none-eabi/9.3.1/../../../../arm-none-eabi/lib/thumb/v7e-m+fp/hard\libc_nano.a(lib_a-memset.o)
                              d:/st/stm32cubeide_1.7.0/stm32cubeide/plugins/com.st.stm32cube.ide.mcu.externaltools.gnu-tools-for-stm32.9-2020-q2-update.win32_2.0.0.202105311346/tools/bin/../lib/gcc/arm-none-eabi/9.3.1/../../../../arm-none-eabi/lib/thumb/v7e-m+fp/hard/crt0.o (memset)
d:/st/stm32cubeide_1.7.0/stm32cubeide/plugins/com.st.stm32cube.ide.mcu.externaltools.gnu-tools-for-stm32.9-2020-q2-update.win32_2.0.0.202105311346/tools/bin/../lib/gcc/arm-none-eabi/9.3.1/thumb/v7e-m+fp/hard\libgcc.a(_arm_muldf3.o)
                              ./Core/Lib/votol.o (__aeabi_dmul)
d:/st/stm32cubeide_1.7.0/stm32cubeide/plugins/com.st.stm32cube.ide.mcu.externaltools.gnu-tools-for-stm32.9-2020-q2-update.win32_2.0.0.202105311346/tools/bin/../lib/gcc/arm-none-eabi/9.3.1/thumb/v7e-m+fp/hard\libgcc.a(_arm_addsubdf3.o)
                              ./Core/Lib/votol.o (__aeabi_dsub)
d:/st/stm32cubeide_1.7.0/stm32cubeide/plugins/com.st.stm32cube.ide.mcu.externaltools.gnu-tools-for-stm32.9-2020-q2-update.win32_2.0.0.202105311346/tools/bin/../lib/gcc/arm-none-eabi/9.3.1/thumb/v7e-m+fp/hard\libgcc.a(_arm_fixunsdfsi.o)
                              ./Core/Lib/votol.o (__aeabi_d2uiz)
d:/st/stm32cubeide_1.7.0/stm32cubeide/plugins/com.st.stm32cube.ide.mcu.externaltools.gnu-tools-for-stm32.9-2020-q2-update.win32_2.0.0.202105311346/tools/bin/../lib/gcc/arm-none-eabi/9.3.1/thumb/v7e-m+fp/hard\libgcc.a(_arm_truncdfsf2.o)
                              ./Core/Lib/votol.o (__aeabi_d2f)
d:/st/stm32cubeide_1.7.0/stm32cubeide/plugins/com.st.stm32cube.ide.mcu.externaltools.gnu-tools-for-stm32.9-2020-q2-update.win32_2.0.0.202105311346/tools/bin/../lib/gcc/arm-none-eabi/9.3.1/thumb/v7e-m+fp/hard\libgcc.a(_aeabi_uldivmod.o)
                              ./Drivers/STM32F4xx_HAL_Driver/Src/stm32f4xx_hal_rcc.o (__aeabi_uldivmod)
[...]
Memory Configuration

Name             Origin             Length             Attributes
CCMRAM           0x0000000010000000 0x0000000000010000 xrw
RAM              0x0000000020000000 0x0000000000020000 xrw
FLASH            0x0000000008000000 0x0000000000100000 xr
*default*        0x0000000000000000 0xffffffffffffffff

Linker script and memory map

LOAD d:/st/stm32cubeide_1.7.0/stm32cubeide/plugins/com.st.stm32cube.ide.mcu.externaltools.gnu-tools-for-stm32.9-2020-q2-update.win32_2.0.0.202105311346/tools/bin/../lib/gcc/arm-none-eabi/9.3.1/thumb/v7e-m+fp/hard/crti.o
LOAD d:/st/stm32cubeide_1.7.0/stm32cubeide/plugins/com.st.stm32cube.ide.mcu.externaltools.gnu-tools-for-stm32.9-2020-q2-update.win32_2.0.0.202105311346/tools/bin/../lib/gcc/arm-none-eabi/9.3.1/thumb/v7e-m+fp/hard/crtbegin.o
LOAD d:/st/stm32cubeide_1.7.0/stm32cubeide/plugins/com.st.stm32cube.ide.mcu.externaltools.gnu-tools-for-stm32.9-2020-q2-update.win32_2.0.0.202105311346/tools/bin/../lib/gcc/arm-none-eabi/9.3.1/../../../../arm-none-eabi/lib/thumb/v7e-m+fp/hard/crt0.o
LOAD ./Core/Lib/can_stuff.o
LOAD ./Core/Lib/hydraulic.o
LOAD ./Core/Lib/radio.o
LOAD ./Core/Lib/votol.o
LOAD ./Core/Src/can.o
LOAD ./Core/Src/dac.o
LOAD ./Core/Src/dma.o
LOAD ./Core/Src/gpio.o
LOAD ./Core/Src/main.o
LOAD ./Core/Src/stm32f4xx_hal_msp.o
LOAD ./Core/Src/stm32f4xx_it.o
LOAD ./Core/Src/syscalls.o
LOAD ./Core/Src/sysmem.o
LOAD ./Core/Src/system_stm32f4xx.o
LOAD ./Core/Src/tim.o
LOAD ./Core/Src/usart.o
LOAD ./Core/Startup/startup_stm32f407vgtx.o
LOAD ./Drivers/STM32F4xx_HAL_Driver/Src/stm32f4xx_hal.o
LOAD ./Drivers/STM32F4xx_HAL_Driver/Src/stm32f4xx_hal_can.o
LOAD ./Drivers/STM32F4xx_HAL_Driver/Src/stm32f4xx_hal_cortex.o
LOAD ./Drivers/STM32F4xx_HAL_Driver/Src/stm32f4xx_hal_dac.o
LOAD ./Drivers/STM32F4xx_HAL_Driver/Src/stm32f4xx_hal_dac_ex.o
LOAD ./Drivers/STM32F4xx_HAL_Driver/Src/stm32f4xx_hal_dma.o
LOAD ./Drivers/STM32F4xx_HAL_Driver/Src/stm32f4xx_hal_dma_ex.o
LOAD ./Drivers/STM32F4xx_HAL_Driver/Src/stm32f4xx_hal_exti.o
LOAD ./Drivers/STM32F4xx_HAL_Driver/Src/stm32f4xx_hal_flash.o
LOAD ./Drivers/STM32F4xx_HAL_Driver/Src/stm32f4xx_hal_flash_ex.o
LOAD ./Drivers/STM32F4xx_HAL_Driver/Src/stm32f4xx_hal_flash_ramfunc.o
LOAD ./Drivers/STM32F4xx_HAL_Driver/Src/stm32f4xx_hal_gpio.o
LOAD ./Drivers/STM32F4xx_HAL_Driver/Src/stm32f4xx_hal_pwr.o
LOAD ./Drivers/STM32F4xx_HAL_Driver/Src/stm32f4xx_hal_pwr_ex.o
LOAD ./Drivers/STM32F4xx_HAL_Driver/Src/stm32f4xx_hal_rcc.o
LOAD ./Drivers/STM32F4xx_HAL_Driver/Src/stm32f4xx_hal_rcc_ex.o
LOAD ./Drivers/STM32F4xx_HAL_Driver/Src/stm32f4xx_hal_tim.o
LOAD ./Drivers/STM32F4xx_HAL_Driver/Src/stm32f4xx_hal_tim_ex.o
LOAD ./Drivers/STM32F4xx_HAL_Driver/Src/stm32f4xx_hal_uart.o
START GROUP
LOAD d:/st/stm32cubeide_1.7.0/stm32cubeide/plugins/com.st.stm32cube.ide.mcu.externaltools.gnu-tools-for-stm32.9-2020-q2-update.win32_2.0.0.202105311346/tools/bin/../lib/gcc/arm-none-eabi/9.3.1/../../../../arm-none-eabi/lib/thumb/v7e-m+fp/hard\libc_nano.a
LOAD d:/st/stm32cubeide_1.7.0/stm32cubeide/plugins/com.st.stm32cube.ide.mcu.externaltools.gnu-tools-for-stm32.9-2020-q2-update.win32_2.0.0.202105311346/tools/bin/../lib/gcc/arm-none-eabi/9.3.1/../../../../arm-none-eabi/lib/thumb/v7e-m+fp/hard\libm.a
END GROUP
START GROUP
LOAD d:/st/stm32cubeide_1.7.0/stm32cubeide/plugins/com.st.stm32cube.ide.mcu.externaltools.gnu-tools-for-stm32.9-2020-q2-update.win32_2.0.0.202105311346/tools/bin/../lib/gcc/arm-none-eabi/9.3.1/thumb/v7e-m+fp/hard\libgcc.a
LOAD d:/st/stm32cubeide_1.7.0/stm32cubeide/plugins/com.st.stm32cube.ide.mcu.externaltools.gnu-tools-for-stm32.9-2020-q2-update.win32_2.0.0.202105311346/tools/bin/../lib/gcc/arm-none-eabi/9.3.1/../../../../arm-none-eabi/lib/thumb/v7e-m+fp/hard\libc_nano.a
END GROUP
START GROUP
LOAD d:/st/stm32cubeide_1.7.0/stm32cubeide/plugins/com.st.stm32cube.ide.mcu.externaltools.gnu-tools-for-stm32.9-2020-q2-update.win32_2.0.0.202105311346/tools/bin/../lib/gcc/arm-none-eabi/9.3.1/thumb/v7e-m+fp/hard\libgcc.a
LOAD d:/st/stm32cubeide_1.7.0/stm32cubeide/plugins/com.st.stm32cube.ide.mcu.externaltools.gnu-tools-for-stm32.9-2020-q2-update.win32_2.0.0.202105311346/tools/bin/../lib/gcc/arm-none-eabi/9.3.1/../../../../arm-none-eabi/lib/thumb/v7e-m+fp/hard\libc_nano.a
LOAD d:/st/stm32cubeide_1.7.0/stm32cubeide/plugins/com.st.stm32cube.ide.mcu.externaltools.gnu-tools-for-stm32.9-2020-q2-update.win32_2.0.0.202105311346/tools/bin/../lib/gcc/arm-none-eabi/9.3.1/../../../../arm-none-eabi/lib/thumb/v7e-m+fp/hard\libnosys.a
END GROUP
START GROUP
LOAD d:/st/stm32cubeide_1.7.0/stm32cubeide/plugins/com.st.stm32cube.ide.mcu.externaltools.gnu-tools-for-stm32.9-2020-q2-update.win32_2.0.0.202105311346/tools/bin/../lib/gcc/arm-none-eabi/9.3.1/thumb/v7e-m+fp/hard\libgcc.a
LOAD d:/st/stm32cubeide_1.7.0/stm32cubeide/plugins/com.st.stm32cube.ide.mcu.externaltools.gnu-tools-for-stm32.9-2020-q2-update.win32_2.0.0.202105311346/tools/bin/../lib/gcc/arm-none-eabi/9.3.1/../../../../arm-none-eabi/lib/thumb/v7e-m+fp/hard\libc_nano.a
LOAD d:/st/stm32cubeide_1.7.0/stm32cubeide/plugins/com.st.stm32cube.ide.mcu.externaltools.gnu-tools-for-stm32.9-2020-q2-update.win32_2.0.0.202105311346/tools/bin/../lib/gcc/arm-none-eabi/9.3.1/../../../../arm-none-eabi/lib/thumb/v7e-m+fp/hard\libnosys.a
END GROUP
LOAD d:/st/stm32cubeide_1.7.0/stm32cubeide/plugins/com.st.stm32cube.ide.mcu.externaltools.gnu-tools-for-stm32.9-2020-q2-update.win32_2.0.0.202105311346/tools/bin/../lib/gcc/arm-none-eabi/9.3.1/thumb/v7e-m+fp/hard/crtend.o
LOAD d:/st/stm32cubeide_1.7.0/stm32cubeide/plugins/com.st.stm32cube.ide.mcu.externaltools.gnu-tools-for-stm32.9-2020-q2-update.win32_2.0.0.202105311346/tools/bin/../lib/gcc/arm-none-eabi/9.3.1/thumb/v7e-m+fp/hard/crtn.o
                0x0000000020020000                _estack = (ORIGIN (RAM) + LENGTH (RAM))
                0x0000000000000200                _Min_Heap_Size = 0x200
                0x0000000000000400                _Min_Stack_Size = 0x400

.isr_vector     0x0000000008000000      0x188
                0x0000000008000000                . = ALIGN (0x4)
 *(.isr_vector)
 .isr_vector    0x0000000008000000      0x188 ./Core/Startup/startup_stm32f407vgtx.o
                0x0000000008000000                g_pfnVectors
                0x0000000008000188                . = ALIGN (0x4)

.text           0x0000000008000188     0x5ff8
                0x0000000008000188                . = ALIGN (0x4)
 *(.text)
 .text          0x0000000008000188       0x40 d:/st/stm32cubeide_1.7.0/stm32cubeide/plugins/com.st.stm32cube.ide.mcu.externaltools.gnu-tools-for-stm32.9-2020-q2-update.win32_2.0.0.202105311346/tools/bin/../lib/gcc/arm-none-eabi/9.3.1/thumb/v7e-m+fp/hard/crtbegin.o
 .text          0x00000000080001c8      0x254 d:/st/stm32cubeide_1.7.0/stm32cubeide/plugins/com.st.stm32cube.ide.mcu.externaltools.gnu-tools-for-stm32.9-2020-q2-update.win32_2.0.0.202105311346/tools/bin/../lib/gcc/arm-none-eabi/9.3.1/thumb/v7e-m+fp/hard\libgcc.a(_arm_muldf3.o)
                0x00000000080001c8                __muldf3
                0x00000000080001c8                __aeabi_dmul
 .text          0x000000000800041c      0x378 d:/st/stm32cubeide_1.7.0/stm32cubeide/plugins/com.st.stm32cube.ide.mcu.externaltools.gnu-tools-for-stm32.9-2020-q2-update.win32_2.0.0.202105311346/tools/bin/../lib/gcc/arm-none-eabi/9.3.1/thumb/v7e-m+fp/hard\libgcc.a(_arm_addsubdf3.o)
                0x000000000800041c                __aeabi_drsub
                0x0000000008000424                __aeabi_dsub
                0x0000000008000424                __subdf3
                0x0000000008000428                __aeabi_dadd
                0x0000000008000428                __adddf3
                0x00000000080006a0                __floatunsidf
                0x00000000080006a0                __aeabi_ui2d
                0x00000000080006c0                __floatsidf
                0x00000000080006c0                __aeabi_i2d
                0x00000000080006e4                __aeabi_f2d
                0x00000000080006e4                __extendsfdf2
                0x0000000008000728                __floatundidf
                0x0000000008000728                __aeabi_ul2d
                0x0000000008000738                __floatdidf
                0x0000000008000738                __aeabi_l2d
 .text          0x0000000008000794       0x40 d:/st/stm32cubeide_1.7.0/stm32cubeide/plugins/com.st.stm32cube.ide.mcu.externaltools.gnu-tools-for-stm32.9-2020-q2-update.win32_2.0.0.202105311346/tools/bin/../lib/gcc/arm-none-eabi/9.3.1/thumb/v7e-m+fp/hard\libgcc.a(_arm_fixunsdfsi.o)
                0x0000000008000794                __aeabi_d2uiz
                0x0000000008000794                __fixunsdfsi
 .text          0x00000000080007d4       0x30 d:/st/stm32cubeide_1.7.0/stm32cubeide/plugins/com.st.stm32cube.ide.mcu.externaltools.gnu-tools-for-stm32.9-2020-q2-update.win32_2.0.0.202105311346/tools/bin/../lib/gcc/arm-none-eabi/9.3.1/thumb/v7e-m+fp/hard\libgcc.a(_aeabi_uldivmod.o)
                0x00000000080007d4                __aeabi_uldivmod
 .text          0x0000000008000804      0x2c4 d:/st/stm32cubeide_1.7.0/stm32cubeide/plugins/com.st.stm32cube.ide.mcu.externaltools.gnu-tools-for-stm32.9-2020-q2-update.win32_2.0.0.202105311346/tools/bin/../lib/gcc/arm-none-eabi/9.3.1/thumb/v7e-m+fp/hard\libgcc.a(_udivmoddi4.o)
                0x0000000008000804                __udivmoddi4
 .text          0x0000000008000ac8        0x4 d:/st/stm32cubeide_1.7.0/stm32cubeide/plugins/com.st.stm32cube.ide.mcu.externaltools.gnu-tools-for-stm32.9-2020-q2-update.win32_2.0.0.202105311346/tools/bin/../lib/gcc/arm-none-eabi/9.3.1/thumb/v7e-m+fp/hard\libgcc.a(_dvmd_tls.o)
                0x0000000008000ac8                __aeabi_idiv0
                0x0000000008000ac8                __aeabi_ldiv0
 *(.text*)
 .text.CAN_GeneralSetup
                0x0000000008000acc       0x7c ./Core/Lib/can_stuff.o
                0x0000000008000acc                CAN_GeneralSetup
 .text.HAL_CAN_RxFifo0MsgPendingCallback
                0x0000000008000b48       0x3c ./Core/Lib/can_stuff.o
                0x0000000008000b48                HAL_CAN_RxFifo0MsgPendingCallback
 .text.parse_frame
                0x0000000008000b84      0x3b8 ./Core/Lib/radio.o
                0x0000000008000b84                parse_frame
 .text.map_val  0x0000000008000f3c       0x72 ./Core/Lib/radio.o
                0x0000000008000f3c                map_val
 .text.map_float
                0x0000000008000fae       0x6e ./Core/Lib/radio.o
                0x0000000008000fae                map_float
 .text.start_votol
                0x000000000800101c       0x28 ./Core/Lib/votol.o
                0x000000000800101c                start_votol
 *fill*         0x0000000008001044        0x4 
 .text.kontrol_votol
                0x0000000008001048      0x414 ./Core/Lib/votol.o
                0x0000000008001048                kontrol_votol
 .text.MX_CAN1_Init
                0x000000000800145c       0x6c ./Core/Src/can.o
                0x000000000800145c                MX_CAN1_Init
 .text.HAL_CAN_MspInit
                0x00000000080014c8       0xb0 ./Core/Src/can.o
                0x00000000080014c8                HAL_CAN_MspInit
 .text.MX_DAC_Init
                0x0000000008001578       0x68 ./Core/Src/dac.o
                0x0000000008001578                MX_DAC_Init
 .text.HAL_DAC_MspInit
                0x00000000080015e0       0x88 ./Core/Src/dac.o
                0x00000000080015e0                HAL_DAC_MspInit
 .text.MX_DMA_Init
                0x0000000008001668       0x40 ./Core/Src/dma.o
                0x0000000008001668                MX_DMA_Init
 .text.MX_GPIO_Init
                0x00000000080016a8      0x1b0 ./Core/Src/gpio.o
                0x00000000080016a8                MX_GPIO_Init
 .text.main     0x0000000008001858       0x50 ./Core/Src/main.o
                0x0000000008001858                main
 .text.SystemClock_Config
                0x00000000080018a8       0xd4 ./Core/Src/main.o
                0x00000000080018a8                SystemClock_Config
 .text.HAL_UART_RxCpltCallback
                0x000000000800197c       0x24 ./Core/Src/main.o
                0x000000000800197c                HAL_UART_RxCpltCallback
 .text.Error_Handler
                0x00000000080019a0        0xa ./Core/Src/main.o
                0x00000000080019a0                Error_Handler
 *fill*         0x00000000080019aa        0x2 
 .text.HAL_MspInit
                0x00000000080019ac       0x50 ./Core/Src/stm32f4xx_hal_msp.o
                0x00000000080019ac                HAL_MspInit
 .text.NMI_Handler
                0x00000000080019fc        0x6 ./Core/Src/stm32f4xx_it.o
                0x00000000080019fc                NMI_Handler
 .text.HardFault_Handler
                0x0000000008001a02        0x6 ./Core/Src/stm32f4xx_it.o
                0x0000000008001a02                HardFault_Handler
 .text.MemManage_Handler
                0x0000000008001a08        0x6 ./Core/Src/stm32f4xx_it.o
                0x0000000008001a08                MemManage_Handler
 .text.BusFault_Handler
                0x0000000008001a0e        0x6 ./Core/Src/stm32f4xx_it.o
                0x0000000008001a0e                BusFault_Handler
 .text.UsageFault_Handler
                0x0000000008001a14        0x6 ./Core/Src/stm32f4xx_it.o
                0x0000000008001a14                UsageFault_Handler
 .text.SVC_Handler
                0x0000000008001a1a        0xe ./Core/Src/stm32f4xx_it.o
                0x0000000008001a1a                SVC_Handler
 .text.DebugMon_Handler
                0x0000000008001a28        0xe ./Core/Src/stm32f4xx_it.o
                0x0000000008001a28                DebugMon_Handler
 .text.PendSV_Handler
                0x0000000008001a36        0xe ./Core/Src/stm32f4xx_it.o
                0x0000000008001a36                PendSV_Handler
 .text.SysTick_Handler
                0x0000000008001a44        0xc ./Core/Src/stm32f4xx_it.o
                0x0000000008001a44                SysTick_Handler
 .text.DMA1_Stream1_IRQHandler
                0x0000000008001a50       0x14 ./Core/Src/stm32f4xx_it.o
                0x0000000008001a50                DMA1_Stream1_IRQHandler
 .text.CAN1_RX0_IRQHandler
                0x0000000008001a64       0x14 ./Core/Src/stm32f4xx_it.o
                0x0000000008001a64                CAN1_RX0_IRQHandler
 .text.CAN1_RX1_IRQHandler
                0x0000000008001a78       0x14 ./Core/Src/stm32f4xx_it.o
                0x0000000008001a78                CAN1_RX1_IRQHandler
 .text.USART3_IRQHandler
                0x0000000008001a8c       0x14 ./Core/Src/stm32f4xx_it.o
                0x0000000008001a8c                USART3_IRQHandler
 .text.SystemInit
                0x0000000008001aa0       0x24 ./Core/Src/system_stm32f4xx.o
                0x0000000008001aa0                SystemInit
 .text.MX_TIM4_Init
                0x0000000008001ac4      0x104 ./Core/Src/tim.o
                0x0000000008001ac4                MX_TIM4_Init
 .text.HAL_TIM_Base_MspInit
                0x0000000008001bc8       0x44 ./Core/Src/tim.o
                0x0000000008001bc8                HAL_TIM_Base_MspInit
 .text.HAL_TIM_MspPostInit
                0x0000000008001c0c       0x74 ./Core/Src/tim.o
                0x0000000008001c0c                HAL_TIM_MspPostInit
 .text.MX_USART1_UART_Init
                0x0000000008001c80       0x54 ./Core/Src/usart.o
                0x0000000008001c80                MX_USART1_UART_Init
 .text.MX_USART3_UART_Init
                0x0000000008001cd4       0x54 ./Core/Src/usart.o
                0x0000000008001cd4                MX_USART3_UART_Init
 .text.MX_USART6_UART_Init
                0x0000000008001d28       0x54 ./Core/Src/usart.o
                0x0000000008001d28                MX_USART6_UART_Init
 .text.HAL_UART_MspInit
                0x0000000008001d7c      0x1dc ./Core/Src/usart.o
                0x0000000008001d7c                HAL_UART_MspInit
 .text.Reset_Handler
                0x0000000008001f58       0x50 ./Core/Startup/startup_stm32f407vgtx.o
                0x0000000008001f58                Reset_Handler
 .text.Default_Handler
                0x0000000008001fa8        0x2 ./Core/Startup/startup_stm32f407vgtx.o
                0x0000000008001fa8                RTC_Alarm_IRQHandler
                0x0000000008001fa8                HASH_RNG_IRQHandler
                0x0000000008001fa8                EXTI2_IRQHandler
                0x0000000008001fa8                TIM8_CC_IRQHandler
                0x0000000008001fa8                TIM1_CC_IRQHandler
                0x0000000008001fa8                DMA2_Stream5_IRQHandler
                0x0000000008001fa8                DMA1_Stream5_IRQHandler
                0x0000000008001fa8                PVD_IRQHandler
                0x0000000008001fa8                SDIO_IRQHandler
                0x0000000008001fa8                TAMP_STAMP_IRQHandler
                0x0000000008001fa8                CAN2_RX1_IRQHandler
                0x0000000008001fa8                EXTI3_IRQHandler
                0x0000000008001fa8                TIM8_TRG_COM_TIM14_IRQHandler
                0x0000000008001fa8                TIM1_UP_TIM10_IRQHandler
                0x0000000008001fa8                TIM8_UP_TIM13_IRQHandler
                0x0000000008001fa8                I2C3_ER_IRQHandler
                0x0000000008001fa8                EXTI0_IRQHandler
                0x0000000008001fa8                I2C2_EV_IRQHandler
                0x0000000008001fa8                DMA1_Stream2_IRQHandler
                0x0000000008001fa8                FPU_IRQHandler
                0x0000000008001fa8                OTG_HS_WKUP_IRQHandler
                0x0000000008001fa8                CAN2_SCE_IRQHandler
                0x0000000008001fa8                DMA2_Stream2_IRQHandler
                0x0000000008001fa8                SPI1_IRQHandler
                0x0000000008001fa8                TIM6_DAC_IRQHandler
                0x0000000008001fa8                TIM1_BRK_TIM9_IRQHandler
                0x0000000008001fa8                DCMI_IRQHandler
                0x0000000008001fa8                CAN2_RX0_IRQHandler
                0x0000000008001fa8                DMA2_Stream3_IRQHandler
                0x0000000008001fa8                USART6_IRQHandler
                0x0000000008001fa8                UART5_IRQHandler
                0x0000000008001fa8                DMA2_Stream0_IRQHandler
                0x0000000008001fa8                TIM4_IRQHandler
                0x0000000008001fa8                I2C1_EV_IRQHandler
                0x0000000008001fa8                DMA1_Stream6_IRQHandler
                0x0000000008001fa8                UART4_IRQHandler
                0x0000000008001fa8                TIM3_IRQHandler
                0x0000000008001fa8                RCC_IRQHandler
                0x0000000008001fa8                TIM8_BRK_TIM12_IRQHandler
                0x0000000008001fa8                Default_Handler
                0x0000000008001fa8                EXTI15_10_IRQHandler
                0x0000000008001fa8                ADC_IRQHandler
                0x0000000008001fa8                DMA1_Stream7_IRQHandler
                0x0000000008001fa8                TIM7_IRQHandler
                0x0000000008001fa8                CAN2_TX_IRQHandler
                0x0000000008001fa8                TIM5_IRQHandler
                0x0000000008001fa8                DMA2_Stream7_IRQHandler
                0x0000000008001fa8                I2C3_EV_IRQHandler
                0x0000000008001fa8                EXTI9_5_IRQHandler
                0x0000000008001fa8                RTC_WKUP_IRQHandler
                0x0000000008001fa8                ETH_WKUP_IRQHandler
                0x0000000008001fa8                SPI2_IRQHandler
                0x0000000008001fa8                OTG_HS_EP1_IN_IRQHandler
                0x0000000008001fa8                DMA1_Stream0_IRQHandler
                0x0000000008001fa8                CAN1_TX_IRQHandler
                0x0000000008001fa8                EXTI4_IRQHandler
                0x0000000008001fa8                FSMC_IRQHandler
                0x0000000008001fa8                ETH_IRQHandler
                0x0000000008001fa8                OTG_HS_EP1_OUT_IRQHandler
                0x0000000008001fa8                WWDG_IRQHandler
                0x0000000008001fa8                TIM2_IRQHandler
                0x0000000008001fa8                OTG_FS_WKUP_IRQHandler
                0x0000000008001fa8                TIM1_TRG_COM_TIM11_IRQHandler
                0x0000000008001fa8                OTG_HS_IRQHandler
                0x0000000008001fa8                EXTI1_IRQHandler
                0x0000000008001fa8                USART2_IRQHandler
                0x0000000008001fa8                I2C2_ER_IRQHandler
                0x0000000008001fa8                DMA2_Stream1_IRQHandler
                0x0000000008001fa8                CAN1_SCE_IRQHandler
                0x0000000008001fa8                FLASH_IRQHandler
                0x0000000008001fa8                DMA2_Stream4_IRQHandler
                0x0000000008001fa8                USART1_IRQHandler
                0x0000000008001fa8                OTG_FS_IRQHandler
                0x0000000008001fa8                SPI3_IRQHandler
                0x0000000008001fa8                DMA1_Stream4_IRQHandler
                0x0000000008001fa8                I2C1_ER_IRQHandler
                0x0000000008001fa8                DMA2_Stream6_IRQHandler
                0x0000000008001fa8                DMA1_Stream3_IRQHandler
 *fill*         0x0000000008001faa        0x2 
 .text.HAL_Init
                0x0000000008001fac       0x44 ./Drivers/STM32F4xx_HAL_Driver/Src/stm32f4xx_hal.o
                0x0000000008001fac                HAL_Init
 .text.HAL_InitTick
                0x0000000008001ff0       0x60 ./Drivers/STM32F4xx_HAL_Driver/Src/stm32f4xx_hal.o
                0x0000000008001ff0                HAL_InitTick
 .text.HAL_IncTick
                0x0000000008002050       0x28 ./Drivers/STM32F4xx_HAL_Driver/Src/stm32f4xx_hal.o
                0x0000000008002050                HAL_IncTick
 .text.HAL_GetTick
                0x0000000008002078       0x18 ./Drivers/STM32F4xx_HAL_Driver/Src/stm32f4xx_hal.o
                0x0000000008002078                HAL_GetTick
 .text.HAL_Delay
                0x0000000008002090       0x48 ./Drivers/STM32F4xx_HAL_Driver/Src/stm32f4xx_hal.o
                0x0000000008002090                HAL_Delay
 .text.HAL_CAN_Init
                0x00000000080020d8      0x1f6 ./Drivers/STM32F4xx_HAL_Driver/Src/stm32f4xx_hal_can.o
                0x00000000080020d8                HAL_CAN_Init
 *fill*         0x00000000080022ce        0x2 
 .text.HAL_CAN_ConfigFilter
                0x00000000080022d0      0x1c0 ./Drivers/STM32F4xx_HAL_Driver/Src/stm32f4xx_hal_can.o
                0x00000000080022d0                HAL_CAN_ConfigFilter
 .text.HAL_CAN_Start
                0x0000000008002490       0x88 ./Drivers/STM32F4xx_HAL_Driver/Src/stm32f4xx_hal_can.o
                0x0000000008002490                HAL_CAN_Start
 .text.HAL_CAN_GetRxMessage
                0x0000000008002518      0x224 ./Drivers/STM32F4xx_HAL_Driver/Src/stm32f4xx_hal_can.o
                0x0000000008002518                HAL_CAN_GetRxMessage
 .text.HAL_CAN_ActivateNotification
                0x000000000800273c       0x4c ./Drivers/STM32F4xx_HAL_Driver/Src/stm32f4xx_hal_can.o
                0x000000000800273c                HAL_CAN_ActivateNotification
 .text.HAL_CAN_IRQHandler
                0x0000000008002788      0x36e ./Drivers/STM32F4xx_HAL_Driver/Src/stm32f4xx_hal_can.o
                0x0000000008002788                HAL_CAN_IRQHandler
 .text.HAL_CAN_TxMailbox0CompleteCallback
                0x0000000008002af6       0x14 ./Drivers/STM32F4xx_HAL_Driver/Src/stm32f4xx_hal_can.o
                0x0000000008002af6                HAL_CAN_TxMailbox0CompleteCallback
 .text.HAL_CAN_TxMailbox1CompleteCallback
                0x0000000008002b0a       0x14 ./Drivers/STM32F4xx_HAL_Driver/Src/stm32f4xx_hal_can.o
                0x0000000008002b0a                HAL_CAN_TxMailbox1CompleteCallback
 .text.HAL_CAN_TxMailbox2CompleteCallback
                0x0000000008002b1e       0x14 ./Drivers/STM32F4xx_HAL_Driver/Src/stm32f4xx_hal_can.o
                0x0000000008002b1e                HAL_CAN_TxMailbox2CompleteCallback
 .text.HAL_CAN_TxMailbox0AbortCallback
                0x0000000008002b32       0x14 ./Drivers/STM32F4xx_HAL_Driver/Src/stm32f4xx_hal_can.o
                0x0000000008002b32                HAL_CAN_TxMailbox0AbortCallback
 .text.HAL_CAN_TxMailbox1AbortCallback
                0x0000000008002b46       0x14 ./Drivers/STM32F4xx_HAL_Driver/Src/stm32f4xx_hal_can.o
                0x0000000008002b46                HAL_CAN_TxMailbox1AbortCallback
 .text.HAL_CAN_TxMailbox2AbortCallback
                0x0000000008002b5a       0x14 ./Drivers/STM32F4xx_HAL_Driver/Src/stm32f4xx_hal_can.o
                0x0000000008002b5a                HAL_CAN_TxMailbox2AbortCallback
 .text.HAL_CAN_RxFifo0FullCallback
                0x0000000008002b6e       0x14 ./Drivers/STM32F4xx_HAL_Driver/Src/stm32f4xx_hal_can.o
                0x0000000008002b6e                HAL_CAN_RxFifo0FullCallback
 .text.HAL_CAN_RxFifo1MsgPendingCallback
                0x0000000008002b82       0x14 ./Drivers/STM32F4xx_HAL_Driver/Src/stm32f4xx_hal_can.o
                0x0000000008002b82                HAL_CAN_RxFifo1MsgPendingCallback
 .text.HAL_CAN_RxFifo1FullCallback
                0x0000000008002b96       0x14 ./Drivers/STM32F4xx_HAL_Driver/Src/stm32f4xx_hal_can.o
                0x0000000008002b96                HAL_CAN_RxFifo1FullCallback
 .text.HAL_CAN_SleepCallback
                0x0000000008002baa       0x14 ./Drivers/STM32F4xx_HAL_Driver/Src/stm32f4xx_hal_can.o
                0x0000000008002baa                HAL_CAN_SleepCallback
 .text.HAL_CAN_WakeUpFromRxMsgCallback
                0x0000000008002bbe       0x14 ./Drivers/STM32F4xx_HAL_Driver/Src/stm32f4xx_hal_can.o
                0x0000000008002bbe                HAL_CAN_WakeUpFromRxMsgCallback
 .text.HAL_CAN_ErrorCallback
                0x0000000008002bd2       0x14 ./Drivers/STM32F4xx_HAL_Driver/Src/stm32f4xx_hal_can.o
                0x0000000008002bd2                HAL_CAN_ErrorCallback
 *fill*         0x0000000008002be6        0x2 
 .text.__NVIC_SetPriorityGrouping
                0x0000000008002be8       0x48 ./Drivers/STM32F4xx_HAL_Driver/Src/stm32f4xx_hal_cortex.o
 .text.__NVIC_GetPriorityGrouping
                0x0000000008002c30       0x1c ./Drivers/STM32F4xx_HAL_Driver/Src/stm32f4xx_hal_cortex.o
 .text.__NVIC_EnableIRQ
                0x0000000008002c4c       0x3c ./Drivers/STM32F4xx_HAL_Driver/Src/stm32f4xx_hal_cortex.o
 .text.__NVIC_SetPriority
                0x0000000008002c88       0x54 ./Drivers/STM32F4xx_HAL_Driver/Src/stm32f4xx_hal_cortex.o
 .text.NVIC_EncodePriority
                0x0000000008002cdc       0x66 ./Drivers/STM32F4xx_HAL_Driver/Src/stm32f4xx_hal_cortex.o
 *fill*         0x0000000008002d42        0x2 
 .text.SysTick_Config
                0x0000000008002d44       0x44 ./Drivers/STM32F4xx_HAL_Driver/Src/stm32f4xx_hal_cortex.o
 .text.HAL_NVIC_SetPriorityGrouping
                0x0000000008002d88       0x16 ./Drivers/STM32F4xx_HAL_Driver/Src/stm32f4xx_hal_cortex.o
                0x0000000008002d88                HAL_NVIC_SetPriorityGrouping
 .text.HAL_NVIC_SetPriority
                0x0000000008002d9e       0x38 ./Drivers/STM32F4xx_HAL_Driver/Src/stm32f4xx_hal_cortex.o
                0x0000000008002d9e                HAL_NVIC_SetPriority
 .text.HAL_NVIC_EnableIRQ
                0x0000000008002dd6       0x1c ./Drivers/STM32F4xx_HAL_Driver/Src/stm32f4xx_hal_cortex.o
                0x0000000008002dd6                HAL_NVIC_EnableIRQ
 .text.HAL_SYSTICK_Config
                0x0000000008002df2       0x18 ./Drivers/STM32F4xx_HAL_Driver/Src/stm32f4xx_hal_cortex.o
                0x0000000008002df2                HAL_SYSTICK_Config
 .text.HAL_DAC_Init
                0x0000000008002e0a       0x44 ./Drivers/STM32F4xx_HAL_Driver/Src/stm32f4xx_hal_dac.o
                0x0000000008002e0a                HAL_DAC_Init
 .text.HAL_DAC_ConfigChannel
                0x0000000008002e4e       0x9e ./Drivers/STM32F4xx_HAL_Driver/Src/stm32f4xx_hal_dac.o
                0x0000000008002e4e                HAL_DAC_ConfigChannel
 .text.HAL_DMA_Init
                0x0000000008002eec      0x15c ./Drivers/STM32F4xx_HAL_Driver/Src/stm32f4xx_hal_dma.o
                0x0000000008002eec                HAL_DMA_Init
 .text.HAL_DMA_Start_IT
                0x0000000008003048       0xb0 ./Drivers/STM32F4xx_HAL_Driver/Src/stm32f4xx_hal_dma.o
                0x0000000008003048                HAL_DMA_Start_IT
 .text.HAL_DMA_Abort
                0x00000000080030f8       0xe0 ./Drivers/STM32F4xx_HAL_Driver/Src/stm32f4xx_hal_dma.o
                0x00000000080030f8                HAL_DMA_Abort
 .text.HAL_DMA_Abort_IT
                0x00000000080031d8       0x44 ./Drivers/STM32F4xx_HAL_Driver/Src/stm32f4xx_hal_dma.o
                0x00000000080031d8                HAL_DMA_Abort_IT
 .text.HAL_DMA_IRQHandler
                0x000000000800321c      0x314 ./Drivers/STM32F4xx_HAL_Driver/Src/stm32f4xx_hal_dma.o
                0x000000000800321c                HAL_DMA_IRQHandler
 .text.DMA_SetConfig
                0x0000000008003530       0x5c ./Drivers/STM32F4xx_HAL_Driver/Src/stm32f4xx_hal_dma.o
 .text.DMA_CalcBaseAndBitshift
                0x000000000800358c       0x6c ./Drivers/STM32F4xx_HAL_Driver/Src/stm32f4xx_hal_dma.o
 .text.DMA_CheckFifoParam
                0x00000000080035f8       0xf8 ./Drivers/STM32F4xx_HAL_Driver/Src/stm32f4xx_hal_dma.o
 .text.HAL_GPIO_Init
                0x00000000080036f0      0x338 ./Drivers/STM32F4xx_HAL_Driver/Src/stm32f4xx_hal_gpio.o
                0x00000000080036f0                HAL_GPIO_Init
 .text.HAL_GPIO_WritePin
                0x0000000008003a28       0x32 ./Drivers/STM32F4xx_HAL_Driver/Src/stm32f4xx_hal_gpio.o
                0x0000000008003a28                HAL_GPIO_WritePin
 *fill*         0x0000000008003a5a        0x2 
 .text.HAL_RCC_OscConfig
                0x0000000008003a5c      0x4f0 ./Drivers/STM32F4xx_HAL_Driver/Src/stm32f4xx_hal_rcc.o
                0x0000000008003a5c                HAL_RCC_OscConfig
 .text.HAL_RCC_ClockConfig
                0x0000000008003f4c      0x1cc ./Drivers/STM32F4xx_HAL_Driver/Src/stm32f4xx_hal_rcc.o
                0x0000000008003f4c                HAL_RCC_ClockConfig
 .text.HAL_RCC_GetSysClockFreq
                0x0000000008004118      0x1c4 ./Drivers/STM32F4xx_HAL_Driver/Src/stm32f4xx_hal_rcc.o
                0x0000000008004118                HAL_RCC_GetSysClockFreq
 .text.HAL_RCC_GetHCLKFreq
                0x00000000080042dc       0x18 ./Drivers/STM32F4xx_HAL_Driver/Src/stm32f4xx_hal_rcc.o
                0x00000000080042dc                HAL_RCC_GetHCLKFreq
 .text.HAL_RCC_GetPCLK1Freq
                0x00000000080042f4       0x28 ./Drivers/STM32F4xx_HAL_Driver/Src/stm32f4xx_hal_rcc.o
                0x00000000080042f4                HAL_RCC_GetPCLK1Freq
 .text.HAL_RCC_GetPCLK2Freq
                0x000000000800431c       0x28 ./Drivers/STM32F4xx_HAL_Driver/Src/stm32f4xx_hal_rcc.o
                0x000000000800431c                HAL_RCC_GetPCLK2Freq
 .text.HAL_TIM_Base_Init
                0x0000000008004344       0x9e ./Drivers/STM32F4xx_HAL_Driver/Src/stm32f4xx_hal_tim.o
                0x0000000008004344                HAL_TIM_Base_Init
 .text.HAL_TIM_PWM_Init
                0x00000000080043e2       0x9e ./Drivers/STM32F4xx_HAL_Driver/Src/stm32f4xx_hal_tim.o
                0x00000000080043e2                HAL_TIM_PWM_Init
 .text.HAL_TIM_PWM_MspInit
                0x0000000008004480       0x14 ./Drivers/STM32F4xx_HAL_Driver/Src/stm32f4xx_hal_tim.o
                0x0000000008004480                HAL_TIM_PWM_MspInit
 .text.HAL_TIM_PWM_Start
                0x0000000008004494      0x190 ./Drivers/STM32F4xx_HAL_Driver/Src/stm32f4xx_hal_tim.o
                0x0000000008004494                HAL_TIM_PWM_Start
 .text.HAL_TIM_PWM_ConfigChannel
                0x0000000008004624      0x184 ./Drivers/STM32F4xx_HAL_Driver/Src/stm32f4xx_hal_tim.o
                0x0000000008004624                HAL_TIM_PWM_ConfigChannel
 .text.HAL_TIM_ConfigClockSource
                0x00000000080047a8      0x18e ./Drivers/STM32F4xx_HAL_Driver/Src/stm32f4xx_hal_tim.o
                0x00000000080047a8                HAL_TIM_ConfigClockSource
 *fill*         0x0000000008004936        0x2 
 .text.TIM_Base_SetConfig
                0x0000000008004938      0x140 ./Drivers/STM32F4xx_HAL_Driver/Src/stm32f4xx_hal_tim.o
                0x0000000008004938                TIM_Base_SetConfig
 .text.TIM_OC1_SetConfig
                0x0000000008004a78       0xe0 ./Drivers/STM32F4xx_HAL_Driver/Src/stm32f4xx_hal_tim.o
 .text.TIM_OC2_SetConfig
                0x0000000008004b58       0xec ./Drivers/STM32F4xx_HAL_Driver/Src/stm32f4xx_hal_tim.o
                0x0000000008004b58                TIM_OC2_SetConfig
 .text.TIM_OC3_SetConfig
                0x0000000008004c44       0xe8 ./Drivers/STM32F4xx_HAL_Driver/Src/stm32f4xx_hal_tim.o
 .text.TIM_OC4_SetConfig
                0x0000000008004d2c       0xac ./Drivers/STM32F4xx_HAL_Driver/Src/stm32f4xx_hal_tim.o
 .text.TIM_TI1_ConfigInputStage
                0x0000000008004dd8       0x5e ./Drivers/STM32F4xx_HAL_Driver/Src/stm32f4xx_hal_tim.o
 .text.TIM_TI2_ConfigInputStage
                0x0000000008004e36       0x60 ./Drivers/STM32F4xx_HAL_Driver/Src/stm32f4xx_hal_tim.o
 .text.TIM_ITRx_SetConfig
                0x0000000008004e96       0x36 ./Drivers/STM32F4xx_HAL_Driver/Src/stm32f4xx_hal_tim.o
 .text.TIM_ETR_SetConfig
                0x0000000008004ecc       0x40 ./Drivers/STM32F4xx_HAL_Driver/Src/stm32f4xx_hal_tim.o
                0x0000000008004ecc                TIM_ETR_SetConfig
 .text.TIM_CCxChannelCmd
                0x0000000008004f0c       0x4a ./Drivers/STM32F4xx_HAL_Driver/Src/stm32f4xx_hal_tim.o
                0x0000000008004f0c                TIM_CCxChannelCmd
 *fill*         0x0000000008004f56        0x2 
 .text.HAL_TIMEx_MasterConfigSynchronization
                0x0000000008004f58       0xf8 ./Drivers/STM32F4xx_HAL_Driver/Src/stm32f4xx_hal_tim_ex.o
                0x0000000008004f58                HAL_TIMEx_MasterConfigSynchronization
 .text.HAL_UART_Init
                0x0000000008005050       0x9a ./Drivers/STM32F4xx_HAL_Driver/Src/stm32f4xx_hal_uart.o
                0x0000000008005050                HAL_UART_Init
 .text.HAL_UART_Receive_DMA
                0x00000000080050ea       0x60 ./Drivers/STM32F4xx_HAL_Driver/Src/stm32f4xx_hal_uart.o
                0x00000000080050ea                HAL_UART_Receive_DMA
 *fill*         0x000000000800514a        0x2 
 .text.HAL_UART_IRQHandler
                0x000000000800514c      0x51c ./Drivers/STM32F4xx_HAL_Driver/Src/stm32f4xx_hal_uart.o
                0x000000000800514c                HAL_UART_IRQHandler
 .text.HAL_UART_TxCpltCallback
                0x0000000008005668       0x14 ./Drivers/STM32F4xx_HAL_Driver/Src/stm32f4xx_hal_uart.o
                0x0000000008005668                HAL_UART_TxCpltCallback
 .text.HAL_UART_RxHalfCpltCallback
                0x000000000800567c       0x14 ./Drivers/STM32F4xx_HAL_Driver/Src/stm32f4xx_hal_uart.o
                0x000000000800567c                HAL_UART_RxHalfCpltCallback
 .text.HAL_UART_ErrorCallback
                0x0000000008005690       0x14 ./Drivers/STM32F4xx_HAL_Driver/Src/stm32f4xx_hal_uart.o
                0x0000000008005690                HAL_UART_ErrorCallback
 .text.HAL_UARTEx_RxEventCallback
                0x00000000080056a4       0x18 ./Drivers/STM32F4xx_HAL_Driver/Src/stm32f4xx_hal_uart.o
                0x00000000080056a4                HAL_UARTEx_RxEventCallback
 .text.UART_DMAReceiveCplt
                0x00000000080056bc      0x126 ./Drivers/STM32F4xx_HAL_Driver/Src/stm32f4xx_hal_uart.o
 .text.UART_DMARxHalfCplt
                0x00000000080057e2       0x36 ./Drivers/STM32F4xx_HAL_Driver/Src/stm32f4xx_hal_uart.o
 .text.UART_DMAError
                0x0000000008005818       0x94 ./Drivers/STM32F4xx_HAL_Driver/Src/stm32f4xx_hal_uart.o
 .text.UART_Start_Receive_DMA
                0x00000000080058ac      0x134 ./Drivers/STM32F4xx_HAL_Driver/Src/stm32f4xx_hal_uart.o
                0x00000000080058ac                UART_Start_Receive_DMA
 .text.UART_EndTxTransfer
                0x00000000080059e0       0x50 ./Drivers/STM32F4xx_HAL_Driver/Src/stm32f4xx_hal_uart.o
 .text.UART_EndRxTransfer
                0x0000000008005a30       0xc6 ./Drivers/STM32F4xx_HAL_Driver/Src/stm32f4xx_hal_uart.o
 .text.UART_DMAAbortOnError
                0x0000000008005af6       0x28 ./Drivers/STM32F4xx_HAL_Driver/Src/stm32f4xx_hal_uart.o
 .text.UART_Transmit_IT
                0x0000000008005b1e       0xa0 ./Drivers/STM32F4xx_HAL_Driver/Src/stm32f4xx_hal_uart.o
 .text.UART_EndTransmit_IT
                0x0000000008005bbe       0x30 ./Drivers/STM32F4xx_HAL_Driver/Src/stm32f4xx_hal_uart.o
 .text.UART_Receive_IT
                0x0000000008005bee      0x176 ./Drivers/STM32F4xx_HAL_Driver/Src/stm32f4xx_hal_uart.o
 .text.UART_SetConfig
                0x0000000008005d64      0x390 ./Drivers/STM32F4xx_HAL_Driver/Src/stm32f4xx_hal_uart.o
 .text.__libc_init_array
                0x00000000080060f4       0x48 d:/st/stm32cubeide_1.7.0/stm32cubeide/plugins/com.st.stm32cube.ide.mcu.externaltools.gnu-tools-for-stm32.9-2020-q2-update.win32_2.0.0.202105311346/tools/bin/../lib/gcc/arm-none-eabi/9.3.1/../../../../arm-none-eabi/lib/thumb/v7e-m+fp/hard\libc_nano.a(lib_a-init.o)
                0x00000000080060f4                __libc_init_array
 .text.memcpy   0x000000000800613c       0x1c d:/st/stm32cubeide_1.7.0/stm32cubeide/plugins/com.st.stm32cube.ide.mcu.externaltools.gnu-tools-for-stm32.9-2020-q2-update.win32_2.0.0.202105311346/tools/bin/../lib/gcc/arm-none-eabi/9.3.1/../../../../arm-none-eabi/lib/thumb/v7e-m+fp/hard\libc_nano.a(lib_a-memcpy-stub.o)
                0x000000000800613c                memcpy
 .text.memset   0x0000000008006158       0x10 d:/st/stm32cubeide_1.7.0/stm32cubeide/plugins/com.st.stm32cube.ide.mcu.externaltools.gnu-tools-for-stm32.9-2020-q2-update.win32_2.0.0.202105311346/tools/bin/../lib/gcc/arm-none-eabi/9.3.1/../../../../arm-none-eabi/lib/thumb/v7e-m+fp/hard\libc_nano.a(lib_a-memset.o)
                0x0000000008006158                memset
 *(.glue_7)
 .glue_7        0x0000000008006168        0x0 linker stubs
 *(.glue_7t)
 .glue_7t       0x0000000008006168        0x0 linker stubs
 *(.eh_frame)
 .eh_frame      0x0000000008006168        0x0 d:/st/stm32cubeide_1.7.0/stm32cubeide/plugins/com.st.stm32cube.ide.mcu.externaltools.gnu-tools-for-stm32.9-2020-q2-update.win32_2.0.0.202105311346/tools/bin/../lib/gcc/arm-none-eabi/9.3.1/thumb/v7e-m+fp/hard/crtbegin.o
 *(.init)
 .init          0x0000000008006168        0x4 d:/st/stm32cubeide_1.7.0/stm32cubeide/plugins/com.st.stm32cube.ide.mcu.externaltools.gnu-tools-for-stm32.9-2020-q2-update.win32_2.0.0.202105311346/tools/bin/../lib/gcc/arm-none-eabi/9.3.1/thumb/v7e-m+fp/hard/crti.o
                0x0000000008006168                _init
 .init          0x000000000800616c        0x8 d:/st/stm32cubeide_1.7.0/stm32cubeide/plugins/com.st.stm32cube.ide.mcu.externaltools.gnu-tools-for-stm32.9-2020-q2-update.win32_2.0.0.202105311346/tools/bin/../lib/gcc/arm-none-eabi/9.3.1/thumb/v7e-m+fp/hard/crtn.o
 *(.fini)
 .fini          0x0000000008006174        0x4 d:/st/stm32cubeide_1.7.0/stm32cubeide/plugins/com.st.stm32cube.ide.mcu.externaltools.gnu-tools-for-stm32.9-2020-q2-update.win32_2.0.0.202105311346/tools/bin/../lib/gcc/arm-none-eabi/9.3.1/thumb/v7e-m+fp/hard/crti.o
                0x0000000008006174                _fini
 .fini          0x0000000008006178        0x8 d:/st/stm32cubeide_1.7.0/stm32cubeide/plugins/com.st.stm32cube.ide.mcu.externaltools.gnu-tools-for-stm32.9-2020-q2-update.win32_2.0.0.202105311346/tools/bin/../lib/gcc/arm-none-eabi/9.3.1/thumb/v7e-m+fp/hard/crtn.o
                0x0000000008006180                . = ALIGN (0x4)
                0x0000000008006180                _etext = .

.vfp11_veneer   0x0000000008006180        0x0
 .vfp11_veneer  0x0000000008006180        0x0 linker stubs

.v4_bx          0x0000000008006180        0x0
 .v4_bx         0x0000000008006180        0x0 linker stubs

.iplt           0x0000000008006180        0x0
 .iplt          0x0000000008006180        0x0 d:/st/stm32cubeide_1.7.0/stm32cubeide/plugins/com.st.stm32cube.ide.mcu.externaltools.gnu-tools-for-stm32.9-2020-q2-update.win32_2.0.0.202105311346/tools/bin/../lib/gcc/arm-none-eabi/9.3.1/thumb/v7e-m+fp/hard/crtbegin.o

.rodata         0x0000000008006180       0x20
                0x0000000008006180                . = ALIGN (0x4)
 *(.rodata)
 *(.rodata*)
 .rodata.AHBPrescTable
                0x0000000008006180       0x10 ./Core/Src/system_stm32f4xx.o
                0x0000000008006180                AHBPrescTable
 .rodata.APBPrescTable
                0x0000000008006190        0x8 ./Core/Src/system_stm32f4xx.o
                0x0000000008006190                APBPrescTable
 .rodata.flagBitshiftOffset.8559
                0x0000000008006198        0x8 ./Drivers/STM32F4xx_HAL_Driver/Src/stm32f4xx_hal_dma.o
                0x00000000080061a0                . = ALIGN (0x4)

.ARM.extab      0x00000000080061a0        0x0
                0x00000000080061a0                . = ALIGN (0x4)
 *(.ARM.extab* .gnu.linkonce.armextab.*)
                0x00000000080061a0                . = ALIGN (0x4)

.ARM            0x00000000080061a0        0x8
                0x00000000080061a0                . = ALIGN (0x4)
                0x00000000080061a0                __exidx_start = .
 *(.ARM.exidx*)
 .ARM.exidx     0x00000000080061a0        0x8 d:/st/stm32cubeide_1.7.0/stm32cubeide/plugins/com.st.stm32cube.ide.mcu.externaltools.gnu-tools-for-stm32.9-2020-q2-update.win32_2.0.0.202105311346/tools/bin/../lib/gcc/arm-none-eabi/9.3.1/thumb/v7e-m+fp/hard\libgcc.a(_udivmoddi4.o)
                0x00000000080061a8                __exidx_end = .
                0x00000000080061a8                . = ALIGN (0x4)

.rel.dyn        0x00000000080061a8        0x0
 .rel.iplt      0x00000000080061a8        0x0 d:/st/stm32cubeide_1.7.0/stm32cubeide/plugins/com.st.stm32cube.ide.mcu.externaltools.gnu-tools-for-stm32.9-2020-q2-update.win32_2.0.0.202105311346/tools/bin/../lib/gcc/arm-none-eabi/9.3.1/thumb/v7e-m+fp/hard/crtbegin.o

.preinit_array  0x00000000080061a8        0x0
                0x00000000080061a8                . = ALIGN (0x4)
                0x00000000080061a8                PROVIDE (__preinit_array_start = .)
 *(.preinit_array*)
                0x00000000080061a8                PROVIDE (__preinit_array_end = .)
                0x00000000080061a8                . = ALIGN (0x4)

.init_array     0x00000000080061a8        0x4
                0x00000000080061a8                . = ALIGN (0x4)
                0x00000000080061a8                PROVIDE (__init_array_start = .)
 *(SORT_BY_NAME(.init_array.*))
 *(.init_array*)
 .init_array    0x00000000080061a8        0x4 d:/st/stm32cubeide_1.7.0/stm32cubeide/plugins/com.st.stm32cube.ide.mcu.externaltools.gnu-tools-for-stm32.9-2020-q2-update.win32_2.0.0.202105311346/tools/bin/../lib/gcc/arm-none-eabi/9.3.1/thumb/v7e-m+fp/hard/crtbegin.o
                0x00000000080061ac                PROVIDE (__init_array_end = .)
                0x00000000080061ac                . = ALIGN (0x4)

.fini_array     0x00000000080061ac        0x4
                0x00000000080061ac                . = ALIGN (0x4)
                [!provide]                        PROVIDE (__fini_array_start = .)
 *(SORT_BY_NAME(.fini_array.*))
 *(.fini_array*)
 .fini_array    0x00000000080061ac        0x4 d:/st/stm32cubeide_1.7.0/stm32cubeide/plugins/com.st.stm32cube.ide.mcu.externaltools.gnu-tools-for-stm32.9-2020-q2-update.win32_2.0.0.202105311346/tools/bin/../lib/gcc/arm-none-eabi/9.3.1/thumb/v7e-m+fp/hard/crtbegin.o
                [!provide]                        PROVIDE (__fini_array_end = .)
                0x00000000080061b0                . = ALIGN (0x4)
                0x00000000080061b0                _sidata = LOADADDR (.data)

.data           0x0000000020000000       0x1c load address 0x00000000080061b0
                0x0000000020000000                . = ALIGN (0x4)
                0x0000000020000000                _sdata = .
 *(.data)
 *(.data*)
 .data.dac_high
                0x0000000020000000        0x8 ./Core/Lib/votol.o
                0x0000000020000000                dac_high
 .data.dac_low  0x0000000020000008        0x8 ./Core/Lib/votol.o
                0x0000000020000008                dac_low
 .data.SystemCoreClock
                0x0000000020000010        0x4 ./Core/Src/system_stm32f4xx.o
                0x0000000020000010                SystemCoreClock
 .data.uwTickPrio
                0x0000000020000014        0x4 ./Drivers/STM32F4xx_HAL_Driver/Src/stm32f4xx_hal.o
                0x0000000020000014                uwTickPrio
 .data.uwTickFreq
                0x0000000020000018        0x1 ./Drivers/STM32F4xx_HAL_Driver/Src/stm32f4xx_hal.o
                0x0000000020000018                uwTickFreq
 *(.RamFunc)
 *(.RamFunc*)
                0x000000002000001c                . = ALIGN (0x4)
 *fill*         0x0000000020000019        0x3 
                0x000000002000001c                _edata = .
                0x00000000080061cc                _siccmram = LOADADDR (.ccmram)

.igot.plt       0x000000002000001c        0x0 load address 0x00000000080061cc
 .igot.plt      0x000000002000001c        0x0 d:/st/stm32cubeide_1.7.0/stm32cubeide/plugins/com.st.stm32cube.ide.mcu.externaltools.gnu-tools-for-stm32.9-2020-q2-update.win32_2.0.0.202105311346/tools/bin/../lib/gcc/arm-none-eabi/9.3.1/thumb/v7e-m+fp/hard/crtbegin.o

.ccmram         0x0000000010000000        0x0 load address 0x00000000080061cc
                0x0000000010000000                . = ALIGN (0x4)
                0x0000000010000000                _sccmram = .
 *(.ccmram)
 *(.ccmram*)
                0x0000000010000000                . = ALIGN (0x4)
                0x0000000010000000                _eccmram = .
                0x0000000010000000                . = ALIGN (0x4)

.bss            0x000000002000001c      0x544
                0x000000002000001c                _sbss = .
                0x000000002000001c                __bss_start__ = _sbss
 *(.bss)
 .bss           0x000000002000001c       0x1c d:/st/stm32cubeide_1.7.0/stm32cubeide/plugins/com.st.stm32cube.ide.mcu.externaltools.gnu-tools-for-stm32.9-2020-q2-update.win32_2.0.0.202105311346/tools/bin/../lib/gcc/arm-none-eabi/9.3.1/thumb/v7e-m+fp/hard/crtbegin.o
 *(.bss*)
 .bss.can_kepanggil
                0x0000000020000038        0x4 ./Core/Lib/can_stuff.o
                0x0000000020000038                can_kepanggil
 .bss.sync      0x000000002000003c        0x1 ./Core/Lib/radio.o
                0x000000002000003c                sync
 *fill*         0x000000002000003d        0x3 
 .bss.unsync_rate
                0x0000000020000040        0x4 ./Core/Lib/radio.o
                0x0000000020000040                unsync_rate
 .bss.ctr_active
                0x0000000020000044        0x4 ./Core/Lib/radio.o
                0x0000000020000044                ctr_active
 .bss.frame_active
                0x0000000020000048        0x1 ./Core/Lib/radio.o
                0x0000000020000048                frame_active
 *(COMMON)
 *fill*         0x0000000020000049        0x3 
 COMMON         0x000000002000004c      0x234 ./Core/Lib/can_stuff.o
                0x000000002000004c                sFilterConfig
                0x0000000020000074                list
                0x000000002000022c                CAN_RxData
                0x0000000020000234                Tx_Header_Msg
                0x000000002000024c                CAN_TxMailbox
                0x0000000020000250                Rx_Header_Msg
                0x000000002000026c                satuin_data
                0x0000000020000278                CAN_TxData
 COMMON         0x0000000020000280       0xa7 ./Core/Lib/radio.o
                0x0000000020000280                serial_buf
                0x00000000200002b2                frame_size
                0x00000000200002b4                serial_buf_channels
                0x00000000200002d0                serial_buf_lq
                0x00000000200002ec                channels
                0x000000002000030c                serial_buf_changed
                0x0000000020000325                serial_ptr
                0x0000000020000326                serial_byte
 *fill*         0x0000000020000327        0x1 
 COMMON         0x0000000020000328       0x82 ./Core/Lib/votol.o
                0x0000000020000328                reverse
                0x000000002000032c                park
                0x0000000020000330                pwm_filtered
                0x0000000020000338                speed_motor
                0x000000002000033c                open_loop
                0x0000000020000340                data_votol
                0x00000000200003a0                can_terima
                0x00000000200003a8                brake
 *fill*         0x00000000200003aa        0x2 
 COMMON         0x00000000200003ac       0x28 ./Core/Src/can.o
                0x00000000200003ac                hcan1
 COMMON         0x00000000200003d4       0x14 ./Core/Src/dac.o
                0x00000000200003d4                hdac
 COMMON         0x00000000200003e8       0x48 ./Core/Src/tim.o
                0x00000000200003e8                htim4
 COMMON         0x0000000020000430      0x12c ./Core/Src/usart.o
                0x0000000020000430                hdma_usart3_rx
                0x0000000020000490                huart3
                0x00000000200004d4                huart1
                0x0000000020000518                huart6
 COMMON         0x000000002000055c        0x4 ./Drivers/STM32F4xx_HAL_Driver/Src/stm32f4xx_hal.o
                0x000000002000055c                uwTick
                0x0000000020000560                . = ALIGN (0x4)
                0x0000000020000560                _ebss = .
                0x0000000020000560                __bss_end__ = _ebss

._user_heap_stack
                0x0000000020000560      0x600
                0x0000000020000560                . = ALIGN (0x8)
                [!provide]                        PROVIDE (end = .)
                0x0000000020000560                PROVIDE (_end = .)
                0x0000000020000760                . = (. + _Min_Heap_Size)
 *fill*         0x0000000020000560      0x200 
                0x0000000020000b60                . = (. + _Min_Stack_Size)
 *fill*         0x0000000020000760      0x400 
                0x0000000020000b60                . = ALIGN (0x8)

/DISCARD/
 libc.a(*)
 libm.a(*)
 libgcc.a(*)

.ARM.attributes
                0x0000000000000000       0x30
 *(.ARM.attributes)
 .ARM.attributes
                0x0000000000000000       0x1e d:/st/stm32cubeide_1.7.0/stm32cubeide/plugins/com.st.stm32cube.ide.mcu.externaltools.gnu-tools-for-stm32.9-2020-q2-update.win32_2.0.0.202105311346/tools/bin/../lib/gcc/arm-none-eabi/9.3.1/thumb/v7e-m+fp/hard/crti.o
 .ARM.attributes
                0x000000000000001e       0x34 d:/st/stm32cubeide_1.7.0/stm32cubeide/plugins/com.st.stm32cube.ide.mcu.externaltools.gnu-tools-for-stm32.9-2020-q2-update.win32_2.0.0.202105311346/tools/bin/../lib/gcc/arm-none-eabi/9.3.1/thumb/v7e-m+fp/hard/crtbegin.o
 .ARM.attributes
                0x0000000000000052       0x34 ./Core/Lib/can_stuff.o
 .ARM.attributes
                0x0000000000000086       0x34 ./Core/Lib/radio.o
 .ARM.attributes
                0x00000000000000ba       0x34 ./Core/Lib/votol.o
 .ARM.attributes
                0x00000000000000ee       0x34 ./Core/Src/can.o
 .ARM.attributes
                0x0000000000000122       0x34 ./Core/Src/dac.o
 .ARM.attributes
                0x0000000000000156       0x34 ./Core/Src/dma.o
 .ARM.attributes
                0x000000000000018a       0x34 ./Core/Src/gpio.o
 .ARM.attributes
                0x00000000000001be       0x34 ./Core/Src/main.o
 .ARM.attributes
                0x00000000000001f2       0x34 ./Core/Src/stm32f4xx_hal_msp.o
 .ARM.attributes
                0x0000000000000226       0x34 ./Core/Src/stm32f4xx_it.o
 .ARM.attributes
                0x000000000000025a       0x34 ./Core/Src/system_stm32f4xx.o
 .ARM.attributes
                0x000000000000028e       0x34 ./Core/Src/tim.o
 .ARM.attributes
                0x00000000000002c2       0x34 ./Core/Src/usart.o
 .ARM.attributes
                0x00000000000002f6       0x21 ./Core/Startup/startup_stm32f407vgtx.o
 .ARM.attributes
                0x0000000000000317       0x34 ./Drivers/STM32F4xx_HAL_Driver/Src/stm32f4xx_hal.o
 .ARM.attributes
                0x000000000000034b       0x34 ./Drivers/STM32F4xx_HAL_Driver/Src/stm32f4xx_hal_can.o
 .ARM.attributes
                0x000000000000037f       0x34 ./Drivers/STM32F4xx_HAL_Driver/Src/stm32f4xx_hal_cortex.o
 .ARM.attributes
                0x00000000000003b3       0x34 ./Drivers/STM32F4xx_HAL_Driver/Src/stm32f4xx_hal_dac.o
 .ARM.attributes
                0x00000000000003e7       0x34 ./Drivers/STM32F4xx_HAL_Driver/Src/stm32f4xx_hal_dma.o
 .ARM.attributes
                0x000000000000041b       0x34 ./Drivers/STM32F4xx_HAL_Driver/Src/stm32f4xx_hal_gpio.o
 .ARM.attributes
                0x000000000000044f       0x34 ./Drivers/STM32F4xx_HAL_Driver/Src/stm32f4xx_hal_rcc.o
 .ARM.attributes
                0x0000000000000483       0x34 ./Drivers/STM32F4xx_HAL_Driver/Src/stm32f4xx_hal_tim.o
 .ARM.attributes
                0x00000000000004b7       0x34 ./Drivers/STM32F4xx_HAL_Driver/Src/stm32f4xx_hal_tim_ex.o
 .ARM.attributes
                0x00000000000004eb       0x34 ./Drivers/STM32F4xx_HAL_Driver/Src/stm32f4xx_hal_uart.o
 .ARM.attributes
                0x000000000000051f       0x34 d:/st/stm32cubeide_1.7.0/stm32cubeide/plugins/com.st.stm32cube.ide.mcu.externaltools.gnu-tools-for-stm32.9-2020-q2-update.win32_2.0.0.202105311346/tools/bin/../lib/gcc/arm-none-eabi/9.3.1/../../../../arm-none-eabi/lib/thumb/v7e-m+fp/hard\libc_nano.a(lib_a-init.o)
 .ARM.attributes
                0x0000000000000553       0x34 d:/st/stm32cubeide_1.7.0/stm32cubeide/plugins/com.st.stm32cube.ide.mcu.externaltools.gnu-tools-for-stm32.9-2020-q2-update.win32_2.0.0.202105311346/tools/bin/../lib/gcc/arm-none-eabi/9.3.1/../../../../arm-none-eabi/lib/thumb/v7e-m+fp/hard\libc_nano.a(lib_a-memcpy-stub.o)
 .ARM.attributes
                0x0000000000000587       0x34 d:/st/stm32cubeide_1.7.0/stm32cubeide/plugins/com.st.stm32cube.ide.mcu.externaltools.gnu-tools-for-stm32.9-2020-q2-update.win32_2.0.0.202105311346/tools/bin/../lib/gcc/arm-none-eabi/9.3.1/../../../../arm-none-eabi/lib/thumb/v7e-m+fp/hard\libc_nano.a(lib_a-memset.o)
 .ARM.attributes
                0x00000000000005bb       0x1e d:/st/stm32cubeide_1.7.0/stm32cubeide/plugins/com.st.stm32cube.ide.mcu.externaltools.gnu-tools-for-stm32.9-2020-q2-update.win32_2.0.0.202105311346/tools/bin/../lib/gcc/arm-none-eabi/9.3.1/thumb/v7e-m+fp/hard\libgcc.a(_arm_muldf3.o)
 .ARM.attributes
                0x00000000000005d9       0x1e d:/st/stm32cubeide_1.7.0/stm32cubeide/plugins/com.st.stm32cube.ide.mcu.externaltools.gnu-tools-for-stm32.9-2020-q2-update.win32_2.0.0.202105311346/tools/bin/../lib/gcc/arm-none-eabi/9.3.1/thumb/v7e-m+fp/hard\libgcc.a(_arm_addsubdf3.o)
 .ARM.attributes
                0x00000000000005f7       0x1e d:/st/stm32cubeide_1.7.0/stm32cubeide/plugins/com.st.stm32cube.ide.mcu.externaltools.gnu-tools-for-stm32.9-2020-q2-update.win32_2.0.0.202105311346/tools/bin/../lib/gcc/arm-none-eabi/9.3.1/thumb/v7e-m+fp/hard\libgcc.a(_arm_fixunsdfsi.o)
 .ARM.attributes
                0x0000000000000615       0x1e d:/st/stm32cubeide_1.7.0/stm32cubeide/plugins/com.st.stm32cube.ide.mcu.externaltools.gnu-tools-for-stm32.9-2020-q2-update.win32_2.0.0.202105311346/tools/bin/../lib/gcc/arm-none-eabi/9.3.1/thumb/v7e-m+fp/hard\libgcc.a(_aeabi_uldivmod.o)
 .ARM.attributes
                0x0000000000000633       0x34 d:/st/stm32cubeide_1.7.0/stm32cubeide/plugins/com.st.stm32cube.ide.mcu.externaltools.gnu-tools-for-stm32.9-2020-q2-update.win32_2.0.0.202105311346/tools/bin/../lib/gcc/arm-none-eabi/9.3.1/thumb/v7e-m+fp/hard\libgcc.a(_udivmoddi4.o)
 .ARM.attributes
                0x0000000000000667       0x1e d:/st/stm32cubeide_1.7.0/stm32cubeide/plugins/com.st.stm32cube.ide.mcu.externaltools.gnu-tools-for-stm32.9-2020-q2-update.win32_2.0.0.202105311346/tools/bin/../lib/gcc/arm-none-eabi/9.3.1/thumb/v7e-m+fp/hard\libgcc.a(_dvmd_tls.o)
 .ARM.attributes
                0x0000000000000685       0x1e d:/st/stm32cubeide_1.7.0/stm32cubeide/plugins/com.st.stm32cube.ide.mcu.externaltools.gnu-tools-for-stm32.9-2020-q2-update.win32_2.0.0.202105311346/tools/bin/../lib/gcc/arm-none-eabi/9.3.1/thumb/v7e-m+fp/hard/crtn.o
OUTPUT(GMF 407 v2.1.elf elf32-littlearm)
LOAD linker stubs
LOAD d:/st/stm32cubeide_1.7.0/stm32cubeide/plugins/com.st.stm32cube.ide.mcu.externaltools.gnu-tools-for-stm32.9-2020-q2-update.win32_2.0.0.202105311346/tools/bin/../lib/gcc/arm-none-eabi/9.3.1/../../../../arm-none-eabi/lib/thumb/v7e-m+fp/hard\libc.a
LOAD d:/st/stm32cubeide_1.7.0/stm32cubeide/plugins/com.st.stm32cube.ide.mcu.externaltools.gnu-tools-for-stm32.9-2020-q2-update.win32_2.0.0.202105311346/tools/bin/../lib/gcc/arm-none-eabi/9.3.1/../../../../arm-none-eabi/lib/thumb/v7e-m+fp/hard\libm.a
LOAD d:/st/stm32cubeide_1.7.0/stm32cubeide/plugins/com.st.stm32cube.ide.mcu.externaltools.gnu-tools-for-stm32.9-2020-q2-update.win32_2.0.0.202105311346/tools/bin/../lib/gcc/arm-none-eabi/9.3.1/thumb/v7e-m+fp/hard\libgcc.a

.debug_info     0x0000000000000000    0x1b37e
 .debug_info    0x0000000000000000     0x1256 ./Core/Lib/can_stuff.o
 .debug_info    0x0000000000001256     0x1231 ./Core/Lib/radio.o
 .debug_info    0x0000000000002487     0x1c43 ./Core/Lib/votol.o
 .debug_info    0x00000000000040ca     0x13f3 ./Core/Src/can.o
 .debug_info    0x00000000000054bd     0x122e ./Core/Src/dac.o
 .debug_info    0x00000000000066eb      0xe3e ./Core/Src/dma.o
 .debug_info    0x0000000000007529      0xdee ./Core/Src/gpio.o
 .debug_info    0x0000000000008317     0x1cc1 ./Core/Src/main.o
 .debug_info    0x0000000000009fd8      0xc36 ./Core/Src/stm32f4xx_hal_msp.o
 .debug_info    0x000000000000ac0e     0x13d8 ./Core/Src/stm32f4xx_it.o
 .debug_info    0x000000000000bfe6      0x5a4 ./Core/Src/system_stm32f4xx.o
 .debug_info    0x000000000000c58a     0x14eb ./Core/Src/tim.o
 .debug_info    0x000000000000da75     0x15a7 ./Core/Src/usart.o
 .debug_info    0x000000000000f01c       0x22 ./Core/Startup/startup_stm32f407vgtx.o
 .debug_info    0x000000000000f03e      0x9b2 ./Drivers/STM32F4xx_HAL_Driver/Src/stm32f4xx_hal.o
 .debug_info    0x000000000000f9f0     0x108c ./Drivers/STM32F4xx_HAL_Driver/Src/stm32f4xx_hal_can.o
 .debug_info    0x0000000000010a7c      0xed7 ./Drivers/STM32F4xx_HAL_Driver/Src/stm32f4xx_hal_cortex.o
 .debug_info    0x0000000000011953      0xac4 ./Drivers/STM32F4xx_HAL_Driver/Src/stm32f4xx_hal_dac.o
 .debug_info    0x0000000000012417      0x9f1 ./Drivers/STM32F4xx_HAL_Driver/Src/stm32f4xx_hal_dma.o
 .debug_info    0x0000000000012e08      0x83e ./Drivers/STM32F4xx_HAL_Driver/Src/stm32f4xx_hal_gpio.o
 .debug_info    0x0000000000013646      0x996 ./Drivers/STM32F4xx_HAL_Driver/Src/stm32f4xx_hal_rcc.o
 .debug_info    0x0000000000013fdc     0x2c22 ./Drivers/STM32F4xx_HAL_Driver/Src/stm32f4xx_hal_tim.o
 .debug_info    0x0000000000016bfe     0x15a2 ./Drivers/STM32F4xx_HAL_Driver/Src/stm32f4xx_hal_tim_ex.o
 .debug_info    0x00000000000181a0     0x31de ./Drivers/STM32F4xx_HAL_Driver/Src/stm32f4xx_hal_uart.o

.debug_abbrev   0x0000000000000000     0x3465
 .debug_abbrev  0x0000000000000000      0x27e ./Core/Lib/can_stuff.o
 .debug_abbrev  0x000000000000027e      0x29f ./Core/Lib/radio.o
 .debug_abbrev  0x000000000000051d      0x28d ./Core/Lib/votol.o
 .debug_abbrev  0x00000000000007aa      0x261 ./Core/Src/can.o
 .debug_abbrev  0x0000000000000a0b      0x227 ./Core/Src/dac.o
 .debug_abbrev  0x0000000000000c32      0x1e9 ./Core/Src/dma.o
 .debug_abbrev  0x0000000000000e1b      0x1eb ./Core/Src/gpio.o
 .debug_abbrev  0x0000000000001006      0x2af ./Core/Src/main.o
 .debug_abbrev  0x00000000000012b5      0x1eb ./Core/Src/stm32f4xx_hal_msp.o
 .debug_abbrev  0x00000000000014a0      0x211 ./Core/Src/stm32f4xx_it.o
 .debug_abbrev  0x00000000000016b1      0x145 ./Core/Src/system_stm32f4xx.o
 .debug_abbrev  0x00000000000017f6      0x24b ./Core/Src/tim.o
 .debug_abbrev  0x0000000000001a41      0x243 ./Core/Src/usart.o
 .debug_abbrev  0x0000000000001c84       0x12 ./Core/Startup/startup_stm32f407vgtx.o
 .debug_abbrev  0x0000000000001c96      0x1ed ./Drivers/STM32F4xx_HAL_Driver/Src/stm32f4xx_hal.o
 .debug_abbrev  0x0000000000001e83      0x246 ./Drivers/STM32F4xx_HAL_Driver/Src/stm32f4xx_hal_can.o
 .debug_abbrev  0x00000000000020c9      0x33c ./Drivers/STM32F4xx_HAL_Driver/Src/stm32f4xx_hal_cortex.o
 .debug_abbrev  0x0000000000002405      0x1f2 ./Drivers/STM32F4xx_HAL_Driver/Src/stm32f4xx_hal_dac.o
 .debug_abbrev  0x00000000000025f7      0x259 ./Drivers/STM32F4xx_HAL_Driver/Src/stm32f4xx_hal_dma.o
 .debug_abbrev  0x0000000000002850      0x1f1 ./Drivers/STM32F4xx_HAL_Driver/Src/stm32f4xx_hal_gpio.o
 .debug_abbrev  0x0000000000002a41      0x275 ./Drivers/STM32F4xx_HAL_Driver/Src/stm32f4xx_hal_rcc.o
 .debug_abbrev  0x0000000000002cb6      0x25e ./Drivers/STM32F4xx_HAL_Driver/Src/stm32f4xx_hal_tim.o
 .debug_abbrev  0x0000000000002f14      0x266 ./Drivers/STM32F4xx_HAL_Driver/Src/stm32f4xx_hal_tim_ex.o
 .debug_abbrev  0x000000000000317a      0x2eb ./Drivers/STM32F4xx_HAL_Driver/Src/stm32f4xx_hal_uart.o

.debug_aranges  0x0000000000000000      0xfa0
 .debug_aranges
                0x0000000000000000       0x40 ./Core/Lib/can_stuff.o
 .debug_aranges
                0x0000000000000040       0x48 ./Core/Lib/radio.o
 .debug_aranges
                0x0000000000000088       0x30 ./Core/Lib/votol.o
 .debug_aranges
                0x00000000000000b8       0x30 ./Core/Src/can.o
 .debug_aranges
                0x00000000000000e8       0x30 ./Core/Src/dac.o
 .debug_aranges
                0x0000000000000118       0x20 ./Core/Src/dma.o
 .debug_aranges
                0x0000000000000138       0x20 ./Core/Src/gpio.o
 .debug_aranges
                0x0000000000000158       0x38 ./Core/Src/main.o
 .debug_aranges
                0x0000000000000190       0x20 ./Core/Src/stm32f4xx_hal_msp.o
 .debug_aranges
                0x00000000000001b0       0x80 ./Core/Src/stm32f4xx_it.o
 .debug_aranges
                0x0000000000000230       0x28 ./Core/Src/system_stm32f4xx.o
 .debug_aranges
                0x0000000000000258       0x38 ./Core/Src/tim.o
 .debug_aranges
                0x0000000000000290       0x40 ./Core/Src/usart.o
 .debug_aranges
                0x00000000000002d0       0x28 ./Core/Startup/startup_stm32f407vgtx.o
 .debug_aranges
                0x00000000000002f8       0xf0 ./Drivers/STM32F4xx_HAL_Driver/Src/stm32f4xx_hal.o
 .debug_aranges
                0x00000000000003e8      0x138 ./Drivers/STM32F4xx_HAL_Driver/Src/stm32f4xx_hal_can.o
 .debug_aranges
                0x0000000000000520      0x118 ./Drivers/STM32F4xx_HAL_Driver/Src/stm32f4xx_hal_cortex.o
 .debug_aranges
                0x0000000000000638       0xc0 ./Drivers/STM32F4xx_HAL_Driver/Src/stm32f4xx_hal_dac.o
 .debug_aranges
                0x00000000000006f8       0x90 ./Drivers/STM32F4xx_HAL_Driver/Src/stm32f4xx_hal_dma.o
 .debug_aranges
                0x0000000000000788       0x58 ./Drivers/STM32F4xx_HAL_Driver/Src/stm32f4xx_hal_gpio.o
 .debug_aranges
                0x00000000000007e0       0x88 ./Drivers/STM32F4xx_HAL_Driver/Src/stm32f4xx_hal_rcc.o
 .debug_aranges
                0x0000000000000868      0x3d0 ./Drivers/STM32F4xx_HAL_Driver/Src/stm32f4xx_hal_tim.o
 .debug_aranges
                0x0000000000000c38      0x168 ./Drivers/STM32F4xx_HAL_Driver/Src/stm32f4xx_hal_tim_ex.o
 .debug_aranges
                0x0000000000000da0      0x200 ./Drivers/STM32F4xx_HAL_Driver/Src/stm32f4xx_hal_uart.o

.debug_ranges   0x0000000000000000      0xe58
 .debug_ranges  0x0000000000000000       0x30 ./Core/Lib/can_stuff.o
 .debug_ranges  0x0000000000000030       0x38 ./Core/Lib/radio.o
 .debug_ranges  0x0000000000000068       0x20 ./Core/Lib/votol.o
 .debug_ranges  0x0000000000000088       0x20 ./Core/Src/can.o
 .debug_ranges  0x00000000000000a8       0x20 ./Core/Src/dac.o
 .debug_ranges  0x00000000000000c8       0x10 ./Core/Src/dma.o
 .debug_ranges  0x00000000000000d8       0x10 ./Core/Src/gpio.o
 .debug_ranges  0x00000000000000e8       0x28 ./Core/Src/main.o
 .debug_ranges  0x0000000000000110       0x10 ./Core/Src/stm32f4xx_hal_msp.o
 .debug_ranges  0x0000000000000120       0x70 ./Core/Src/stm32f4xx_it.o
 .debug_ranges  0x0000000000000190       0x18 ./Core/Src/system_stm32f4xx.o
 .debug_ranges  0x00000000000001a8       0x28 ./Core/Src/tim.o
 .debug_ranges  0x00000000000001d0       0x30 ./Core/Src/usart.o
 .debug_ranges  0x0000000000000200       0x20 ./Core/Startup/startup_stm32f407vgtx.o
 .debug_ranges  0x0000000000000220       0xe0 ./Drivers/STM32F4xx_HAL_Driver/Src/stm32f4xx_hal.o
 .debug_ranges  0x0000000000000300      0x128 ./Drivers/STM32F4xx_HAL_Driver/Src/stm32f4xx_hal_can.o
 .debug_ranges  0x0000000000000428      0x108 ./Drivers/STM32F4xx_HAL_Driver/Src/stm32f4xx_hal_cortex.o
 .debug_ranges  0x0000000000000530       0xb0 ./Drivers/STM32F4xx_HAL_Driver/Src/stm32f4xx_hal_dac.o
 .debug_ranges  0x00000000000005e0       0x80 ./Drivers/STM32F4xx_HAL_Driver/Src/stm32f4xx_hal_dma.o
 .debug_ranges  0x0000000000000660       0x48 ./Drivers/STM32F4xx_HAL_Driver/Src/stm32f4xx_hal_gpio.o
 .debug_ranges  0x00000000000006a8       0x78 ./Drivers/STM32F4xx_HAL_Driver/Src/stm32f4xx_hal_rcc.o
 .debug_ranges  0x0000000000000720      0x3c0 ./Drivers/STM32F4xx_HAL_Driver/Src/stm32f4xx_hal_tim.o
 .debug_ranges  0x0000000000000ae0      0x158 ./Drivers/STM32F4xx_HAL_Driver/Src/stm32f4xx_hal_tim_ex.o
 .debug_ranges  0x0000000000000c38      0x220 ./Drivers/STM32F4xx_HAL_Driver/Src/stm32f4xx_hal_uart.o

.debug_macro    0x0000000000000000    0x23551
 .debug_macro   0x0000000000000000      0x2f5 ./Core/Lib/can_stuff.o
 .debug_macro   0x00000000000002f5      0xaa8 ./Core/Lib/can_stuff.o
 .debug_macro   0x0000000000000d9d      0x2a7 ./Core/Lib/can_stuff.o
 .debug_macro   0x0000000000001044       0x2e ./Core/Lib/can_stuff.o
 .debug_macro   0x0000000000001072       0x2f ./Core/Lib/can_stuff.o
 .debug_macro   0x00000000000010a1       0x22 ./Core/Lib/can_stuff.o
 .debug_macro   0x00000000000010c3       0x8e ./Core/Lib/can_stuff.o
 .debug_macro   0x0000000000001151       0x51 ./Core/Lib/can_stuff.o
 .debug_macro   0x00000000000011a2      0x103 ./Core/Lib/can_stuff.o
 .debug_macro   0x00000000000012a5       0x6a ./Core/Lib/can_stuff.o
 .debug_macro   0x000000000000130f      0x1df ./Core/Lib/can_stuff.o
 .debug_macro   0x00000000000014ee       0x1c ./Core/Lib/can_stuff.o
 .debug_macro   0x000000000000150a       0x22 ./Core/Lib/can_stuff.o
 .debug_macro   0x000000000000152c       0xdf ./Core/Lib/can_stuff.o
 .debug_macro   0x000000000000160b     0x102d ./Core/Lib/can_stuff.o
 .debug_macro   0x0000000000002638      0x11f ./Core/Lib/can_stuff.o
 .debug_macro   0x0000000000002757    0x15e58 ./Core/Lib/can_stuff.o
 .debug_macro   0x00000000000185af       0x6d ./Core/Lib/can_stuff.o
 .debug_macro   0x000000000001861c     0x3666 ./Core/Lib/can_stuff.o
 .debug_macro   0x000000000001bc82      0x174 ./Core/Lib/can_stuff.o
 .debug_macro   0x000000000001bdf6       0x5c ./Core/Lib/can_stuff.o
 .debug_macro   0x000000000001be52      0x96b ./Core/Lib/can_stuff.o
 .debug_macro   0x000000000001c7bd      0x9fe ./Core/Lib/can_stuff.o
 .debug_macro   0x000000000001d1bb      0x116 ./Core/Lib/can_stuff.o
 .debug_macro   0x000000000001d2d1      0x13e ./Core/Lib/can_stuff.o
 .debug_macro   0x000000000001d40f       0xa5 ./Core/Lib/can_stuff.o
 .debug_macro   0x000000000001d4b4      0x174 ./Core/Lib/can_stuff.o
 .debug_macro   0x000000000001d628      0x287 ./Core/Lib/can_stuff.o
 .debug_macro   0x000000000001d8af       0x5f ./Core/Lib/can_stuff.o
 .debug_macro   0x000000000001d90e      0x236 ./Core/Lib/can_stuff.o
 .debug_macro   0x000000000001db44      0x40f ./Core/Lib/can_stuff.o
 .debug_macro   0x000000000001df53      0x122 ./Core/Lib/can_stuff.o
 .debug_macro   0x000000000001e075       0xa6 ./Core/Lib/can_stuff.o
 .debug_macro   0x000000000001e11b      0x12c ./Core/Lib/can_stuff.o
 .debug_macro   0x000000000001e247      0x21e ./Core/Lib/can_stuff.o
 .debug_macro   0x000000000001e465       0x2e ./Core/Lib/can_stuff.o
 .debug_macro   0x000000000001e493      0x11a ./Core/Lib/can_stuff.o
 .debug_macro   0x000000000001e5ad       0x7e ./Core/Lib/can_stuff.o
 .debug_macro   0x000000000001e62b       0x89 ./Core/Lib/can_stuff.o
 .debug_macro   0x000000000001e6b4      0x8d1 ./Core/Lib/can_stuff.o
 .debug_macro   0x000000000001ef85       0x47 ./Core/Lib/can_stuff.o
 .debug_macro   0x000000000001efcc      0x295 ./Core/Lib/can_stuff.o
 .debug_macro   0x000000000001f261      0x12d ./Core/Lib/can_stuff.o
 .debug_macro   0x000000000001f38e       0x22 ./Core/Lib/can_stuff.o
 .debug_macro   0x000000000001f3b0       0x52 ./Core/Lib/can_stuff.o
 .debug_macro   0x000000000001f402       0x18 ./Core/Lib/can_stuff.o
 .debug_macro   0x000000000001f41a       0x3c ./Core/Lib/can_stuff.o
 .debug_macro   0x000000000001f456       0x34 ./Core/Lib/can_stuff.o
 .debug_macro   0x000000000001f48a       0x16 ./Core/Lib/can_stuff.o
 .debug_macro   0x000000000001f4a0       0x43 ./Core/Lib/can_stuff.o
 .debug_macro   0x000000000001f4e3       0x34 ./Core/Lib/can_stuff.o
 .debug_macro   0x000000000001f517       0x10 ./Core/Lib/can_stuff.o
 .debug_macro   0x000000000001f527       0x58 ./Core/Lib/can_stuff.o
 .debug_macro   0x000000000001f57f       0x71 ./Core/Lib/can_stuff.o
 .debug_macro   0x000000000001f5f0       0x1c ./Core/Lib/can_stuff.o
 .debug_macro   0x000000000001f60c      0x12a ./Core/Lib/can_stuff.o
 .debug_macro   0x000000000001f736      0x333 ./Core/Lib/can_stuff.o
 .debug_macro   0x000000000001fa69       0x10 ./Core/Lib/can_stuff.o
 .debug_macro   0x000000000001fa79       0x35 ./Core/Lib/can_stuff.o
 .debug_macro   0x000000000001faae       0x20 ./Core/Lib/can_stuff.o
 .debug_macro   0x000000000001face      0x3da ./Core/Lib/radio.o
 .debug_macro   0x000000000001fea8       0x1c ./Core/Lib/radio.o
 .debug_macro   0x000000000001fec4       0x10 ./Core/Lib/radio.o
 .debug_macro   0x000000000001fed4       0x10 ./Core/Lib/radio.o
 .debug_macro   0x000000000001fee4       0x1c ./Core/Lib/radio.o
 .debug_macro   0x000000000001ff00       0x52 ./Core/Lib/radio.o
 .debug_macro   0x000000000001ff52       0x22 ./Core/Lib/radio.o
 .debug_macro   0x000000000001ff74       0x10 ./Core/Lib/radio.o
 .debug_macro   0x000000000001ff84       0x40 ./Core/Lib/radio.o
 .debug_macro   0x000000000001ffc4       0xd5 ./Core/Lib/radio.o
 .debug_macro   0x0000000000020099       0x1c ./Core/Lib/radio.o
 .debug_macro   0x00000000000200b5       0x3d ./Core/Lib/radio.o
 .debug_macro   0x00000000000200f2       0x16 ./Core/Lib/radio.o
 .debug_macro   0x0000000000020108      0x145 ./Core/Lib/radio.o
 .debug_macro   0x000000000002024d       0x16 ./Core/Lib/radio.o
 .debug_macro   0x0000000000020263       0x16 ./Core/Lib/radio.o
 .debug_macro   0x0000000000020279       0x29 ./Core/Lib/radio.o
 .debug_macro   0x00000000000202a2      0x317 ./Core/Lib/votol.o
 .debug_macro   0x00000000000205b9      0x2d7 ./Core/Src/can.o
 .debug_macro   0x0000000000020890      0x2d7 ./Core/Src/dac.o
 .debug_macro   0x0000000000020b67      0x2d7 ./Core/Src/dma.o
 .debug_macro   0x0000000000020e3e      0x2d7 ./Core/Src/gpio.o
 .debug_macro   0x0000000000021115      0x32b ./Core/Src/main.o
 .debug_macro   0x0000000000021440      0x2cd ./Core/Src/stm32f4xx_hal_msp.o
 .debug_macro   0x000000000002170d      0x2d7 ./Core/Src/stm32f4xx_it.o
 .debug_macro   0x00000000000219e4      0x1ec ./Core/Src/system_stm32f4xx.o
 .debug_macro   0x0000000000021bd0      0x2d7 ./Core/Src/tim.o
 .debug_macro   0x0000000000021ea7      0x2d7 ./Core/Src/usart.o
 .debug_macro   0x000000000002217e      0x24c ./Drivers/STM32F4xx_HAL_Driver/Src/stm32f4xx_hal.o
 .debug_macro   0x00000000000223ca      0x1f4 ./Drivers/STM32F4xx_HAL_Driver/Src/stm32f4xx_hal_can.o
 .debug_macro   0x00000000000225be      0x1ec ./Drivers/STM32F4xx_HAL_Driver/Src/stm32f4xx_hal_cortex.o
 .debug_macro   0x00000000000227aa      0x1ed ./Drivers/STM32F4xx_HAL_Driver/Src/stm32f4xx_hal_dac.o
 .debug_macro   0x0000000000022997      0x1f2 ./Drivers/STM32F4xx_HAL_Driver/Src/stm32f4xx_hal_dma.o
 .debug_macro   0x0000000000022b89      0x1f2 ./Drivers/STM32F4xx_HAL_Driver/Src/stm32f4xx_hal_gpio.o
 .debug_macro   0x0000000000022d7b      0x210 ./Drivers/STM32F4xx_HAL_Driver/Src/stm32f4xx_hal_rcc.o
 .debug_macro   0x0000000000022f8b      0x1ed ./Drivers/STM32F4xx_HAL_Driver/Src/stm32f4xx_hal_tim.o
 .debug_macro   0x0000000000023178      0x1ec ./Drivers/STM32F4xx_HAL_Driver/Src/stm32f4xx_hal_tim_ex.o
 .debug_macro   0x0000000000023364      0x1ed ./Drivers/STM32F4xx_HAL_Driver/Src/stm32f4xx_hal_uart.o

.debug_line     0x0000000000000000    0x15268
 .debug_line    0x0000000000000000      0xa37 ./Core/Lib/can_stuff.o
 .debug_line    0x0000000000000a37      0xbf6 ./Core/Lib/radio.o
 .debug_line    0x000000000000162d      0xb49 ./Core/Lib/votol.o
 .debug_line    0x0000000000002176      0x8ef ./Core/Src/can.o
 .debug_line    0x0000000000002a65      0x8e0 ./Core/Src/dac.o
 .debug_line    0x0000000000003345      0x877 ./Core/Src/dma.o
 .debug_line    0x0000000000003bbc      0x8c5 ./Core/Src/gpio.o
 .debug_line    0x0000000000004481      0x9ba ./Core/Src/main.o
 .debug_line    0x0000000000004e3b      0x87c ./Core/Src/stm32f4xx_hal_msp.o
 .debug_line    0x00000000000056b7      0x99e ./Core/Src/stm32f4xx_it.o
 .debug_line    0x0000000000006055      0x790 ./Core/Src/system_stm32f4xx.o
 .debug_line    0x00000000000067e5      0x940 ./Core/Src/tim.o
 .debug_line    0x0000000000007125      0x9e4 ./Core/Src/usart.o
 .debug_line    0x0000000000007b09       0x88 ./Core/Startup/startup_stm32f407vgtx.o
 .debug_line    0x0000000000007b91      0x9f6 ./Drivers/STM32F4xx_HAL_Driver/Src/stm32f4xx_hal.o
 .debug_line    0x0000000000008587     0x1162 ./Drivers/STM32F4xx_HAL_Driver/Src/stm32f4xx_hal_can.o
 .debug_line    0x00000000000096e9      0xca5 ./Drivers/STM32F4xx_HAL_Driver/Src/stm32f4xx_hal_cortex.o
 .debug_line    0x000000000000a38e      0xb47 ./Drivers/STM32F4xx_HAL_Driver/Src/stm32f4xx_hal_dac.o
 .debug_line    0x000000000000aed5      0xf5b ./Drivers/STM32F4xx_HAL_Driver/Src/stm32f4xx_hal_dma.o
 .debug_line    0x000000000000be30      0xb6c ./Drivers/STM32F4xx_HAL_Driver/Src/stm32f4xx_hal_gpio.o
 .debug_line    0x000000000000c99c      0xd72 ./Drivers/STM32F4xx_HAL_Driver/Src/stm32f4xx_hal_rcc.o
 .debug_line    0x000000000000d70e     0x36ea ./Drivers/STM32F4xx_HAL_Driver/Src/stm32f4xx_hal_tim.o
 .debug_line    0x0000000000010df8     0x19f3 ./Drivers/STM32F4xx_HAL_Driver/Src/stm32f4xx_hal_tim_ex.o
 .debug_line    0x00000000000127eb     0x2a7d ./Drivers/STM32F4xx_HAL_Driver/Src/stm32f4xx_hal_uart.o

.debug_str      0x0000000000000000    0xcf4fd
 .debug_str     0x0000000000000000    0xc9fe2 ./Core/Lib/can_stuff.o
                                      0xca36c (size before relaxing)
 .debug_str     0x00000000000c9fe2     0x1552 ./Core/Lib/radio.o
                                      0xcb3c0 (size before relaxing)
 .debug_str     0x00000000000cb534      0x4ac ./Core/Lib/votol.o
                                      0xcaabf (size before relaxing)
 .debug_str     0x00000000000cb9e0      0x63a ./Core/Src/can.o
                                      0xca723 (size before relaxing)
 .debug_str     0x00000000000cc01a       0x86 ./Core/Src/dac.o
                                      0xca364 (size before relaxing)
 .debug_str     0x00000000000cc0a0       0x29 ./Core/Src/dma.o
                                      0xca3f0 (size before relaxing)
 .debug_str     0x00000000000cc0c9       0x48 ./Core/Src/gpio.o
                                      0xc9fa2 (size before relaxing)
 .debug_str     0x00000000000cc111      0x174 ./Core/Src/main.o
                                      0xcabc8 (size before relaxing)
 .debug_str     0x00000000000cc285       0x2c ./Core/Src/stm32f4xx_hal_msp.o
                                      0xc9f05 (size before relaxing)
 .debug_str     0x00000000000cc2b1      0x11e ./Core/Src/stm32f4xx_it.o
                                      0xca5ad (size before relaxing)
 .debug_str     0x00000000000cc3cf       0xaf ./Core/Src/system_stm32f4xx.o
                                      0xc6d28 (size before relaxing)
 .debug_str     0x00000000000cc47e      0x17a ./Core/Src/tim.o
                                      0xca633 (size before relaxing)
 .debug_str     0x00000000000cc5f8       0x7f ./Core/Src/usart.o
                                      0xca93a (size before relaxing)
 .debug_str     0x00000000000cc677       0x36 ./Core/Startup/startup_stm32f407vgtx.o
                                         0x75 (size before relaxing)
 .debug_str     0x00000000000cc6ad      0x58d ./Drivers/STM32F4xx_HAL_Driver/Src/stm32f4xx_hal.o
                                      0xc780a (size before relaxing)
 .debug_str     0x00000000000ccc3a      0x448 ./Drivers/STM32F4xx_HAL_Driver/Src/stm32f4xx_hal_can.o
                                      0xc7434 (size before relaxing)
 .debug_str     0x00000000000cd082      0x399 ./Drivers/STM32F4xx_HAL_Driver/Src/stm32f4xx_hal_cortex.o
                                      0xc75f9 (size before relaxing)
 .debug_str     0x00000000000cd41b      0x1c3 ./Drivers/STM32F4xx_HAL_Driver/Src/stm32f4xx_hal_dac.o
                                      0xc715e (size before relaxing)
 .debug_str     0x00000000000cd5de      0x315 ./Drivers/STM32F4xx_HAL_Driver/Src/stm32f4xx_hal_dma.o
                                      0xc7152 (size before relaxing)
 .debug_str     0x00000000000cd8f3      0x15a ./Drivers/STM32F4xx_HAL_Driver/Src/stm32f4xx_hal_gpio.o
                                      0xc6ecf (size before relaxing)
 .debug_str     0x00000000000cda4d      0x259 ./Drivers/STM32F4xx_HAL_Driver/Src/stm32f4xx_hal_rcc.o
                                      0xc712a (size before relaxing)
 .debug_str     0x00000000000cdca6      0xd7d ./Drivers/STM32F4xx_HAL_Driver/Src/stm32f4xx_hal_tim.o
                                      0xc8057 (size before relaxing)
 .debug_str     0x00000000000cea23      0x4ee ./Drivers/STM32F4xx_HAL_Driver/Src/stm32f4xx_hal_tim_ex.o
                                      0xc7808 (size before relaxing)
 .debug_str     0x00000000000cef11      0x5ec ./Drivers/STM32F4xx_HAL_Driver/Src/stm32f4xx_hal_uart.o
                                      0xc76b0 (size before relaxing)

.comment        0x0000000000000000       0x53
 .comment       0x0000000000000000       0x53 ./Core/Lib/can_stuff.o
                                         0x54 (size before relaxing)
 .comment       0x0000000000000053       0x54 ./Core/Lib/radio.o
 .comment       0x0000000000000053       0x54 ./Core/Lib/votol.o
 .comment       0x0000000000000053       0x54 ./Core/Src/can.o
 .comment       0x0000000000000053       0x54 ./Core/Src/dac.o
 .comment       0x0000000000000053       0x54 ./Core/Src/dma.o
 .comment       0x0000000000000053       0x54 ./Core/Src/gpio.o
 .comment       0x0000000000000053       0x54 ./Core/Src/main.o
 .comment       0x0000000000000053       0x54 ./Core/Src/stm32f4xx_hal_msp.o
 .comment       0x0000000000000053       0x54 ./Core/Src/stm32f4xx_it.o
 .comment       0x0000000000000053       0x54 ./Core/Src/system_stm32f4xx.o
 .comment       0x0000000000000053       0x54 ./Core/Src/tim.o
 .comment       0x0000000000000053       0x54 ./Core/Src/usart.o
 .comment       0x0000000000000053       0x54 ./Drivers/STM32F4xx_HAL_Driver/Src/stm32f4xx_hal.o
 .comment       0x0000000000000053       0x54 ./Drivers/STM32F4xx_HAL_Driver/Src/stm32f4xx_hal_can.o
 .comment       0x0000000000000053       0x54 ./Drivers/STM32F4xx_HAL_Driver/Src/stm32f4xx_hal_cortex.o
 .comment       0x0000000000000053       0x54 ./Drivers/STM32F4xx_HAL_Driver/Src/stm32f4xx_hal_dac.o
 .comment       0x0000000000000053       0x54 ./Drivers/STM32F4xx_HAL_Driver/Src/stm32f4xx_hal_dma.o
 .comment       0x0000000000000053       0x54 ./Drivers/STM32F4xx_HAL_Driver/Src/stm32f4xx_hal_gpio.o
 .comment       0x0000000000000053       0x54 ./Drivers/STM32F4xx_HAL_Driver/Src/stm32f4xx_hal_rcc.o
 .comment       0x0000000000000053       0x54 ./Drivers/STM32F4xx_HAL_Driver/Src/stm32f4xx_hal_tim.o
 .comment       0x0000000000000053       0x54 ./Drivers/STM32F4xx_HAL_Driver/Src/stm32f4xx_hal_tim_ex.o
 .comment       0x0000000000000053       0x54 ./Drivers/STM32F4xx_HAL_Driver/Src/stm32f4xx_hal_uart.o

.debug_frame    0x0000000000000000     0x40d8
 .debug_frame   0x0000000000000000       0xc8 ./Core/Lib/can_stuff.o
 .debug_frame   0x00000000000000c8       0xec ./Core/Lib/radio.o
 .debug_frame   0x00000000000001b4       0x7c ./Core/Lib/votol.o
 .debug_frame   0x0000000000000230       0x74 ./Core/Src/can.o
 .debug_frame   0x00000000000002a4       0x7c ./Core/Src/dac.o
 .debug_frame   0x0000000000000320       0x34 ./Core/Src/dma.o
 .debug_frame   0x0000000000000354       0x34 ./Core/Src/gpio.o
 .debug_frame   0x0000000000000388       0x8c ./Core/Src/main.o
 .debug_frame   0x0000000000000414       0x38 ./Core/Src/stm32f4xx_hal_msp.o
 .debug_frame   0x000000000000044c      0x174 ./Core/Src/stm32f4xx_it.o
 .debug_frame   0x00000000000005c0       0x58 ./Core/Src/system_stm32f4xx.o
 .debug_frame   0x0000000000000618       0xa8 ./Core/Src/tim.o
 .debug_frame   0x00000000000006c0       0xac ./Core/Src/usart.o
 .debug_frame   0x000000000000076c      0x374 ./Drivers/STM32F4xx_HAL_Driver/Src/stm32f4xx_hal.o
 .debug_frame   0x0000000000000ae0      0x5a0 ./Drivers/STM32F4xx_HAL_Driver/Src/stm32f4xx_hal_can.o
 .debug_frame   0x0000000000001080      0x498 ./Drivers/STM32F4xx_HAL_Driver/Src/stm32f4xx_hal_cortex.o
 .debug_frame   0x0000000000001518      0x338 ./Drivers/STM32F4xx_HAL_Driver/Src/stm32f4xx_hal_dac.o
 .debug_frame   0x0000000000001850      0x250 ./Drivers/STM32F4xx_HAL_Driver/Src/stm32f4xx_hal_dma.o
 .debug_frame   0x0000000000001aa0      0x14c ./Drivers/STM32F4xx_HAL_Driver/Src/stm32f4xx_hal_gpio.o
 .debug_frame   0x0000000000001bec      0x1f0 ./Drivers/STM32F4xx_HAL_Driver/Src/stm32f4xx_hal_rcc.o
 .debug_frame   0x0000000000001ddc     0x11c4 ./Drivers/STM32F4xx_HAL_Driver/Src/stm32f4xx_hal_tim.o
 .debug_frame   0x0000000000002fa0      0x638 ./Drivers/STM32F4xx_HAL_Driver/Src/stm32f4xx_hal_tim_ex.o
 .debug_frame   0x00000000000035d8      0x92c ./Drivers/STM32F4xx_HAL_Driver/Src/stm32f4xx_hal_uart.o
 .debug_frame   0x0000000000003f04       0x2c d:/st/stm32cubeide_1.7.0/stm32cubeide/plugins/com.st.stm32cube.ide.mcu.externaltools.gnu-tools-for-stm32.9-2020-q2-update.win32_2.0.0.202105311346/tools/bin/../lib/gcc/arm-none-eabi/9.3.1/../../../../arm-none-eabi/lib/thumb/v7e-m+fp/hard\libc_nano.a(lib_a-init.o)
 .debug_frame   0x0000000000003f30       0x28 d:/st/stm32cubeide_1.7.0/stm32cubeide/plugins/com.st.stm32cube.ide.mcu.externaltools.gnu-tools-for-stm32.9-2020-q2-update.win32_2.0.0.202105311346/tools/bin/../lib/gcc/arm-none-eabi/9.3.1/../../../../arm-none-eabi/lib/thumb/v7e-m+fp/hard\libc_nano.a(lib_a-memcpy-stub.o)
 .debug_frame   0x0000000000003f58       0x20 d:/st/stm32cubeide_1.7.0/stm32cubeide/plugins/com.st.stm32cube.ide.mcu.externaltools.gnu-tools-for-stm32.9-2020-q2-update.win32_2.0.0.202105311346/tools/bin/../lib/gcc/arm-none-eabi/9.3.1/../../../../arm-none-eabi/lib/thumb/v7e-m+fp/hard\libc_nano.a(lib_a-memset.o)
 .debug_frame   0x0000000000003f78       0x30 d:/st/stm32cubeide_1.7.0/stm32cubeide/plugins/com.st.stm32cube.ide.mcu.externaltools.gnu-tools-for-stm32.9-2020-q2-update.win32_2.0.0.202105311346/tools/bin/../lib/gcc/arm-none-eabi/9.3.1/thumb/v7e-m+fp/hard\libgcc.a(_arm_muldf3.o)
 .debug_frame   0x0000000000003fa8       0xac d:/st/stm32cubeide_1.7.0/stm32cubeide/plugins/com.st.stm32cube.ide.mcu.externaltools.gnu-tools-for-stm32.9-2020-q2-update.win32_2.0.0.202105311346/tools/bin/../lib/gcc/arm-none-eabi/9.3.1/thumb/v7e-m+fp/hard\libgcc.a(_arm_addsubdf3.o)
 .debug_frame   0x0000000000004054       0x24 d:/st/stm32cubeide_1.7.0/stm32cubeide/plugins/com.st.stm32cube.ide.mcu.externaltools.gnu-tools-for-stm32.9-2020-q2-update.win32_2.0.0.202105311346/tools/bin/../lib/gcc/arm-none-eabi/9.3.1/thumb/v7e-m+fp/hard\libgcc.a(_arm_fixunsdfsi.o)
 .debug_frame   0x0000000000004078       0x2c d:/st/stm32cubeide_1.7.0/stm32cubeide/plugins/com.st.stm32cube.ide.mcu.externaltools.gnu-tools-for-stm32.9-2020-q2-update.win32_2.0.0.202105311346/tools/bin/../lib/gcc/arm-none-eabi/9.3.1/thumb/v7e-m+fp/hard\libgcc.a(_aeabi_uldivmod.o)
 .debug_frame   0x00000000000040a4       0x34 d:/st/stm32cubeide_1.7.0/stm32cubeide/plugins/com.st.stm32cube.ide.mcu.externaltools.gnu-tools-for-stm32.9-2020-q2-update.win32_2.0.0.202105311346/tools/bin/../lib/gcc/arm-none-eabi/9.3.1/thumb/v7e-m+fp/hard\libgcc.a(_udivmoddi4.o)
